Archive member included to satisfy reference by file (symbol)

/home/pack/gcc-arm-none-eabi-10.3-2021.10/bin/../lib/gcc/arm-none-eabi/10.3.1/thumb/v7-m/nofp/libgcc.a(_arm_muldf3.o)
                              obj/rt_vsnprintf.o (__aeabi_dmul)
/home/pack/gcc-arm-none-eabi-10.3-2021.10/bin/../lib/gcc/arm-none-eabi/10.3.1/thumb/v7-m/nofp/libgcc.a(_arm_addsubdf3.o)
                              obj/rt_vsnprintf.o (__aeabi_dsub)
/home/pack/gcc-arm-none-eabi-10.3-2021.10/bin/../lib/gcc/arm-none-eabi/10.3.1/thumb/v7-m/nofp/libgcc.a(_arm_muldivdf3.o)
                              obj/rt_vsnprintf.o (__aeabi_ddiv)
/home/pack/gcc-arm-none-eabi-10.3-2021.10/bin/../lib/gcc/arm-none-eabi/10.3.1/thumb/v7-m/nofp/libgcc.a(_arm_cmpdf2.o)
                              obj/rt_vsnprintf.o (__aeabi_dcmpeq)
/home/pack/gcc-arm-none-eabi-10.3-2021.10/bin/../lib/gcc/arm-none-eabi/10.3.1/thumb/v7-m/nofp/libgcc.a(_arm_fixdfsi.o)
                              obj/rt_vsnprintf.o (__aeabi_d2iz)
/home/pack/gcc-arm-none-eabi-10.3-2021.10/bin/../lib/gcc/arm-none-eabi/10.3.1/thumb/v7-m/nofp/libgcc.a(_aeabi_ldivmod.o)
                              obj/rt_vsnprintf.o (__aeabi_ldivmod)
/home/pack/gcc-arm-none-eabi-10.3-2021.10/bin/../lib/gcc/arm-none-eabi/10.3.1/thumb/v7-m/nofp/libgcc.a(_aeabi_uldivmod.o)
                              obj/kservice.o (__aeabi_uldivmod)
/home/pack/gcc-arm-none-eabi-10.3-2021.10/bin/../lib/gcc/arm-none-eabi/10.3.1/thumb/v7-m/nofp/libgcc.a(_fixdfdi.o)
                              obj/rt_vsnprintf.o (__aeabi_d2lz)
/home/pack/gcc-arm-none-eabi-10.3-2021.10/bin/../lib/gcc/arm-none-eabi/10.3.1/thumb/v7-m/nofp/libgcc.a(_fixunsdfdi.o)
                              /home/pack/gcc-arm-none-eabi-10.3-2021.10/bin/../lib/gcc/arm-none-eabi/10.3.1/thumb/v7-m/nofp/libgcc.a(_fixdfdi.o) (__aeabi_d2ulz)
/home/pack/gcc-arm-none-eabi-10.3-2021.10/bin/../lib/gcc/arm-none-eabi/10.3.1/thumb/v7-m/nofp/libgcc.a(_udivmoddi4.o)
                              /home/pack/gcc-arm-none-eabi-10.3-2021.10/bin/../lib/gcc/arm-none-eabi/10.3.1/thumb/v7-m/nofp/libgcc.a(_aeabi_ldivmod.o) (__udivmoddi4)
/home/pack/gcc-arm-none-eabi-10.3-2021.10/bin/../lib/gcc/arm-none-eabi/10.3.1/thumb/v7-m/nofp/libgcc.a(_dvmd_tls.o)
                              /home/pack/gcc-arm-none-eabi-10.3-2021.10/bin/../lib/gcc/arm-none-eabi/10.3.1/thumb/v7-m/nofp/libgcc.a(_aeabi_ldivmod.o) (__aeabi_ldiv0)
/home/pack/gcc-arm-none-eabi-10.3-2021.10/bin/../lib/gcc/arm-none-eabi/10.3.1/thumb/v7-m/nofp/libgcc.a(_arm_fixunsdfsi.o)
                              /home/pack/gcc-arm-none-eabi-10.3-2021.10/bin/../lib/gcc/arm-none-eabi/10.3.1/thumb/v7-m/nofp/libgcc.a(_fixunsdfdi.o) (__aeabi_d2uiz)
/home/pack/gcc-arm-none-eabi-10.3-2021.10/bin/../lib/gcc/arm-none-eabi/10.3.1/../../../../arm-none-eabi/lib/thumb/v7-m/nofp/libc.a(lib_a-exit.o)
                              /home/pack/gcc-arm-none-eabi-10.3-2021.10/bin/../lib/gcc/arm-none-eabi/10.3.1/../../../../arm-none-eabi/lib/thumb/v7-m/nofp/crt0.o (exit)
/home/pack/gcc-arm-none-eabi-10.3-2021.10/bin/../lib/gcc/arm-none-eabi/10.3.1/../../../../arm-none-eabi/lib/thumb/v7-m/nofp/libc.a(lib_a-impure.o)
                              /home/pack/gcc-arm-none-eabi-10.3-2021.10/bin/../lib/gcc/arm-none-eabi/10.3.1/../../../../arm-none-eabi/lib/thumb/v7-m/nofp/libc.a(lib_a-exit.o) (_global_impure_ptr)
/home/pack/gcc-arm-none-eabi-10.3-2021.10/bin/../lib/gcc/arm-none-eabi/10.3.1/../../../../arm-none-eabi/lib/thumb/v7-m/nofp/libc.a(lib_a-init.o)
                              /home/pack/gcc-arm-none-eabi-10.3-2021.10/bin/../lib/gcc/arm-none-eabi/10.3.1/../../../../arm-none-eabi/lib/thumb/v7-m/nofp/crt0.o (__libc_init_array)
/home/pack/gcc-arm-none-eabi-10.3-2021.10/bin/../lib/gcc/arm-none-eabi/10.3.1/../../../../arm-none-eabi/lib/thumb/v7-m/nofp/libc.a(lib_a-memset.o)
                              /home/pack/gcc-arm-none-eabi-10.3-2021.10/bin/../lib/gcc/arm-none-eabi/10.3.1/../../../../arm-none-eabi/lib/thumb/v7-m/nofp/crt0.o (memset)
/home/pack/gcc-arm-none-eabi-10.3-2021.10/bin/../lib/gcc/arm-none-eabi/10.3.1/../../../../arm-none-eabi/lib/thumb/v7-m/nofp/libc.a(lib_a-__call_atexit.o)
                              /home/pack/gcc-arm-none-eabi-10.3-2021.10/bin/../lib/gcc/arm-none-eabi/10.3.1/../../../../arm-none-eabi/lib/thumb/v7-m/nofp/libc.a(lib_a-exit.o) (__call_exitprocs)
/home/pack/gcc-arm-none-eabi-10.3-2021.10/bin/../lib/gcc/arm-none-eabi/10.3.1/../../../../arm-none-eabi/lib/thumb/v7-m/nofp/libc.a(lib_a-atexit.o)
                              /home/pack/gcc-arm-none-eabi-10.3-2021.10/bin/../lib/gcc/arm-none-eabi/10.3.1/../../../../arm-none-eabi/lib/thumb/v7-m/nofp/libc.a(lib_a-__call_atexit.o) (atexit)
/home/pack/gcc-arm-none-eabi-10.3-2021.10/bin/../lib/gcc/arm-none-eabi/10.3.1/../../../../arm-none-eabi/lib/thumb/v7-m/nofp/libc.a(lib_a-fini.o)
[...]
Memory Configuration

Name             Origin             Length             Attributes
FLASH            0x0000000008000000 0x0000000000010000 xr
RAM              0x0000000020000000 0x0000000000002000 xrw
*default*        0x0000000000000000 0xffffffffffffffff

Linker script and memory map

LOAD /home/pack/gcc-arm-none-eabi-10.3-2021.10/bin/../lib/gcc/arm-none-eabi/10.3.1/thumb/v7-m/nofp/crti.o
LOAD /home/pack/gcc-arm-none-eabi-10.3-2021.10/bin/../lib/gcc/arm-none-eabi/10.3.1/thumb/v7-m/nofp/crtbegin.o
LOAD /home/pack/gcc-arm-none-eabi-10.3-2021.10/bin/../lib/gcc/arm-none-eabi/10.3.1/../../../../arm-none-eabi/lib/thumb/v7-m/nofp/crt0.o
LOAD obj/bsp_key.o
LOAD obj/bsp_led.o
LOAD obj/bsp_uart.o
LOAD obj/kservice.o
LOAD obj/main.o
LOAD obj/rt_vsnprintf.o
LOAD obj/startup_stm32f100xb.o
LOAD obj/stm32f1xx_hal.o
LOAD obj/stm32f1xx_hal_adc.o
LOAD obj/stm32f1xx_hal_adc_ex.o
LOAD obj/stm32f1xx_hal_can.o
LOAD obj/stm32f1xx_hal_cec.o
LOAD obj/stm32f1xx_hal_cortex.o
LOAD obj/stm32f1xx_hal_crc.o
LOAD obj/stm32f1xx_hal_dac.o
LOAD obj/stm32f1xx_hal_dac_ex.o
LOAD obj/stm32f1xx_hal_dma.o
LOAD obj/stm32f1xx_hal_eth.o
LOAD obj/stm32f1xx_hal_exti.o
LOAD obj/stm32f1xx_hal_flash.o
LOAD obj/stm32f1xx_hal_flash_ex.o
LOAD obj/stm32f1xx_hal_gpio.o
LOAD obj/stm32f1xx_hal_gpio_ex.o
LOAD obj/stm32f1xx_hal_hcd.o
LOAD obj/stm32f1xx_hal_i2c.o
LOAD obj/stm32f1xx_hal_i2s.o
LOAD obj/stm32f1xx_hal_irda.o
LOAD obj/stm32f1xx_hal_iwdg.o
LOAD obj/stm32f1xx_hal_mmc.o
LOAD obj/stm32f1xx_hal_msp.o
LOAD obj/stm32f1xx_hal_nand.o
LOAD obj/stm32f1xx_hal_nor.o
LOAD obj/stm32f1xx_hal_pccard.o
LOAD obj/stm32f1xx_hal_pcd.o
LOAD obj/stm32f1xx_hal_pcd_ex.o
LOAD obj/stm32f1xx_hal_pwr.o
LOAD obj/stm32f1xx_hal_rcc.o
LOAD obj/stm32f1xx_hal_rcc_ex.o
LOAD obj/stm32f1xx_hal_rtc.o
LOAD obj/stm32f1xx_hal_rtc_ex.o
LOAD obj/stm32f1xx_hal_sd.o
LOAD obj/stm32f1xx_hal_smartcard.o
LOAD obj/stm32f1xx_hal_spi.o
LOAD obj/stm32f1xx_hal_sram.o
LOAD obj/stm32f1xx_hal_tim.o
LOAD obj/stm32f1xx_hal_tim_ex.o
LOAD obj/stm32f1xx_hal_timebase_tim.o
LOAD obj/stm32f1xx_hal_uart.o
LOAD obj/stm32f1xx_hal_usart.o
LOAD obj/stm32f1xx_hal_wwdg.o
LOAD obj/stm32f1xx_it.o
LOAD obj/stm32f1xx_ll_adc.o
LOAD obj/stm32f1xx_ll_crc.o
LOAD obj/stm32f1xx_ll_dac.o
LOAD obj/stm32f1xx_ll_dma.o
LOAD obj/stm32f1xx_ll_exti.o
LOAD obj/stm32f1xx_ll_fsmc.o
LOAD obj/stm32f1xx_ll_gpio.o
LOAD obj/stm32f1xx_ll_i2c.o
LOAD obj/stm32f1xx_ll_pwr.o
LOAD obj/stm32f1xx_ll_rcc.o
LOAD obj/stm32f1xx_ll_rtc.o
LOAD obj/stm32f1xx_ll_sdmmc.o
LOAD obj/stm32f1xx_ll_spi.o
LOAD obj/stm32f1xx_ll_tim.o
LOAD obj/stm32f1xx_ll_usart.o
LOAD obj/stm32f1xx_ll_usb.o
LOAD obj/stm32f1xx_ll_utils.o
LOAD obj/system_stm32f1xx.o
START GROUP
LOAD /home/pack/gcc-arm-none-eabi-10.3-2021.10/bin/../lib/gcc/arm-none-eabi/10.3.1/thumb/v7-m/nofp/libgcc.a
LOAD /home/pack/gcc-arm-none-eabi-10.3-2021.10/bin/../lib/gcc/arm-none-eabi/10.3.1/../../../../arm-none-eabi/lib/thumb/v7-m/nofp/libc.a
END GROUP
START GROUP
LOAD /home/pack/gcc-arm-none-eabi-10.3-2021.10/bin/../lib/gcc/arm-none-eabi/10.3.1/thumb/v7-m/nofp/libgcc.a
LOAD /home/pack/gcc-arm-none-eabi-10.3-2021.10/bin/../lib/gcc/arm-none-eabi/10.3.1/../../../../arm-none-eabi/lib/thumb/v7-m/nofp/libc.a
LOAD /home/pack/gcc-arm-none-eabi-10.3-2021.10/bin/../lib/gcc/arm-none-eabi/10.3.1/../../../../arm-none-eabi/lib/thumb/v7-m/nofp/libnosys.a
END GROUP
LOAD /home/pack/gcc-arm-none-eabi-10.3-2021.10/bin/../lib/gcc/arm-none-eabi/10.3.1/thumb/v7-m/nofp/crtend.o
LOAD /home/pack/gcc-arm-none-eabi-10.3-2021.10/bin/../lib/gcc/arm-none-eabi/10.3.1/thumb/v7-m/nofp/crtn.o
                0x0000000020002000                _estack = 0x20002000
                0x0000000000000200                _Min_Heap_Size = 0x200
                0x0000000000000400                _Min_Stack_Size = 0x400

.isr_vector     0x0000000008000000      0x1d0
                0x0000000008000000                . = ALIGN (0x4)
 *(.isr_vector)
 .isr_vector    0x0000000008000000      0x1d0 obj/startup_stm32f100xb.o
                0x0000000008000000                g_pfnVectors
                0x00000000080001d0                . = ALIGN (0x4)

.text           0x00000000080001d0     0x3b20
                0x00000000080001d0                . = ALIGN (0x4)
 *(.text)
 .text          0x00000000080001d0       0x40 /home/pack/gcc-arm-none-eabi-10.3-2021.10/bin/../lib/gcc/arm-none-eabi/10.3.1/thumb/v7-m/nofp/crtbegin.o
 .text          0x0000000008000210      0x378 /home/pack/gcc-arm-none-eabi-10.3-2021.10/bin/../lib/gcc/arm-none-eabi/10.3.1/thumb/v7-m/nofp/libgcc.a(_arm_addsubdf3.o)
                0x0000000008000210                __aeabi_drsub
                0x0000000008000218                __aeabi_dsub
                0x0000000008000218                __subdf3
                0x000000000800021c                __adddf3
                0x000000000800021c                __aeabi_dadd
                0x0000000008000494                __aeabi_ui2d
                0x0000000008000494                __floatunsidf
                0x00000000080004b4                __floatsidf
                0x00000000080004b4                __aeabi_i2d
                0x00000000080004d8                __extendsfdf2
                0x00000000080004d8                __aeabi_f2d
                0x000000000800051c                __aeabi_ul2d
                0x000000000800051c                __floatundidf
                0x000000000800052c                __floatdidf
                0x000000000800052c                __aeabi_l2d
 .text          0x0000000008000588      0x424 /home/pack/gcc-arm-none-eabi-10.3-2021.10/bin/../lib/gcc/arm-none-eabi/10.3.1/thumb/v7-m/nofp/libgcc.a(_arm_muldivdf3.o)
                0x0000000008000588                __aeabi_dmul
                0x0000000008000588                __muldf3
                0x00000000080007dc                __aeabi_ddiv
                0x00000000080007dc                __divdf3
 .text          0x00000000080009ac      0x110 /home/pack/gcc-arm-none-eabi-10.3-2021.10/bin/../lib/gcc/arm-none-eabi/10.3.1/thumb/v7-m/nofp/libgcc.a(_arm_cmpdf2.o)
                0x00000000080009ac                __gtdf2
                0x00000000080009ac                __gedf2
                0x00000000080009b4                __ltdf2
                0x00000000080009b4                __ledf2
                0x00000000080009bc                __cmpdf2
                0x00000000080009bc                __eqdf2
                0x00000000080009bc                __nedf2
                0x0000000008000a38                __aeabi_cdrcmple
                0x0000000008000a48                __aeabi_cdcmple
                0x0000000008000a48                __aeabi_cdcmpeq
                0x0000000008000a58                __aeabi_dcmpeq
                0x0000000008000a6c                __aeabi_dcmplt
                0x0000000008000a80                __aeabi_dcmple
                0x0000000008000a94                __aeabi_dcmpge
                0x0000000008000aa8                __aeabi_dcmpgt
 .text          0x0000000008000abc       0x50 /home/pack/gcc-arm-none-eabi-10.3-2021.10/bin/../lib/gcc/arm-none-eabi/10.3.1/thumb/v7-m/nofp/libgcc.a(_arm_fixdfsi.o)
                0x0000000008000abc                __fixdfsi
                0x0000000008000abc                __aeabi_d2iz
 .text          0x0000000008000b0c       0xa0 /home/pack/gcc-arm-none-eabi-10.3-2021.10/bin/../lib/gcc/arm-none-eabi/10.3.1/thumb/v7-m/nofp/libgcc.a(_aeabi_ldivmod.o)
                0x0000000008000b0c                __aeabi_ldivmod
 .text          0x0000000008000bac       0x30 /home/pack/gcc-arm-none-eabi-10.3-2021.10/bin/../lib/gcc/arm-none-eabi/10.3.1/thumb/v7-m/nofp/libgcc.a(_aeabi_uldivmod.o)
                0x0000000008000bac                __aeabi_uldivmod
 .text          0x0000000008000bdc       0x34 /home/pack/gcc-arm-none-eabi-10.3-2021.10/bin/../lib/gcc/arm-none-eabi/10.3.1/thumb/v7-m/nofp/libgcc.a(_fixdfdi.o)
                0x0000000008000bdc                __aeabi_d2lz
                0x0000000008000bdc                __fixdfdi
 .text          0x0000000008000c10       0x3c /home/pack/gcc-arm-none-eabi-10.3-2021.10/bin/../lib/gcc/arm-none-eabi/10.3.1/thumb/v7-m/nofp/libgcc.a(_fixunsdfdi.o)
                0x0000000008000c10                __aeabi_d2ulz
                0x0000000008000c10                __fixunsdfdi
 .text          0x0000000008000c4c      0x2d4 /home/pack/gcc-arm-none-eabi-10.3-2021.10/bin/../lib/gcc/arm-none-eabi/10.3.1/thumb/v7-m/nofp/libgcc.a(_udivmoddi4.o)
                0x0000000008000c4c                __udivmoddi4
 .text          0x0000000008000f20        0x4 /home/pack/gcc-arm-none-eabi-10.3-2021.10/bin/../lib/gcc/arm-none-eabi/10.3.1/thumb/v7-m/nofp/libgcc.a(_dvmd_tls.o)
                0x0000000008000f20                __aeabi_ldiv0
                0x0000000008000f20                __aeabi_idiv0
 .text          0x0000000008000f24       0x40 /home/pack/gcc-arm-none-eabi-10.3-2021.10/bin/../lib/gcc/arm-none-eabi/10.3.1/thumb/v7-m/nofp/libgcc.a(_arm_fixunsdfsi.o)
                0x0000000008000f24                __fixunsdfsi
                0x0000000008000f24                __aeabi_d2uiz
 *(.text*)
 .text.GPIO_LED_Init
                0x0000000008000f64       0x68 obj/bsp_led.o
                0x0000000008000f64                GPIO_LED_Init
 .text.USER_LED1_On
                0x0000000008000fcc        0xc obj/bsp_led.o
                0x0000000008000fcc                USER_LED1_On
 .text.USER_LED1_Toggle
                0x0000000008000fd8        0xc obj/bsp_led.o
                0x0000000008000fd8                USER_LED1_Toggle
 .text.USER_LED2_On
                0x0000000008000fe4        0xc obj/bsp_led.o
                0x0000000008000fe4                USER_LED2_On
 .text.USER_LED2_Toggle
                0x0000000008000ff0        0xc obj/bsp_led.o
                0x0000000008000ff0                USER_LED2_Toggle
 .text.MX_USART1_UART_Init
                0x0000000008000ffc       0x38 obj/bsp_uart.o
                0x0000000008000ffc                MX_USART1_UART_Init
 .text.MX_USART2_UART_Init
                0x0000000008001034       0x38 obj/bsp_uart.o
                0x0000000008001034                MX_USART2_UART_Init
 .text.HAL_UART_MspInit
                0x000000000800106c       0xec obj/bsp_uart.o
                0x000000000800106c                HAL_UART_MspInit
 .text.myputstr
                0x0000000008001158       0x1c obj/bsp_uart.o
                0x0000000008001158                myputstr
 .text.rt_hw_console_output
                0x0000000008001174        0x4 obj/kservice.o
                0x0000000008001174                rt_hw_console_output
 .text.rt_kprintf
                0x0000000008001178       0x38 obj/kservice.o
                0x0000000008001178                rt_kprintf
 .text.SystemClock_Config
                0x00000000080011b0       0x58 obj/main.o
                0x00000000080011b0                SystemClock_Config
 .text.startup.main
                0x0000000008001208       0x50 obj/main.o
                0x0000000008001208                main
 .text.Error_Handler
                0x0000000008001258        0x4 obj/main.o
                0x0000000008001258                Error_Handler
 .text.HAL_TIM_PeriodElapsedCallback
                0x000000000800125c       0x14 obj/main.o
                0x000000000800125c                HAL_TIM_PeriodElapsedCallback
 .text.out_buffer
                0x0000000008001270        0x8 obj/rt_vsnprintf.o
 .text.out_discard
                0x0000000008001278        0x4 obj/rt_vsnprintf.o
 .text.out_rev_
                0x000000000800127c       0x88 obj/rt_vsnprintf.o
 .text.print_integer
                0x0000000008001304      0x26c obj/rt_vsnprintf.o
 .text.get_components
                0x0000000008001570      0x128 obj/rt_vsnprintf.o
 .text.print_broken_up_decimal.isra.0
                0x0000000008001698      0x22c obj/rt_vsnprintf.o
 *fill*         0x00000000080018c4        0x4 
 .text.print_exponential_number
                0x00000000080018c8      0x69c obj/rt_vsnprintf.o
 *fill*         0x0000000008001f64        0x4 
 .text.print_floating_point
                0x0000000008001f68      0x1e4 obj/rt_vsnprintf.o
 .text.rt_vsnprintf
                0x000000000800214c      0x690 obj/rt_vsnprintf.o
                0x000000000800214c                rt_vsnprintf
 .text.Reset_Handler
                0x00000000080027dc       0x48 obj/startup_stm32f100xb.o
                0x00000000080027dc                Reset_Handler
 .text.Default_Handler
                0x0000000008002824        0x2 obj/startup_stm32f100xb.o
                0x0000000008002824                RTC_Alarm_IRQHandler
                0x0000000008002824                EXTI2_IRQHandler
                0x0000000008002824                TIM1_CC_IRQHandler
                0x0000000008002824                PVD_IRQHandler
                0x0000000008002824                EXTI3_IRQHandler
                0x0000000008002824                EXTI0_IRQHandler
                0x0000000008002824                TIM1_UP_TIM16_IRQHandler
                0x0000000008002824                SPI1_IRQHandler
                0x0000000008002824                TAMPER_IRQHandler
                0x0000000008002824                TIM6_DAC_IRQHandler
                0x0000000008002824                DMA1_Channel4_IRQHandler
                0x0000000008002824                ADC1_IRQHandler
                0x0000000008002824                USART3_IRQHandler
                0x0000000008002824                RTC_IRQHandler
                0x0000000008002824                DMA1_Channel7_IRQHandler
                0x0000000008002824                TIM4_IRQHandler
                0x0000000008002824                I2C1_EV_IRQHandler
                0x0000000008002824                DMA1_Channel6_IRQHandler
                0x0000000008002824                TIM3_IRQHandler
                0x0000000008002824                RCC_IRQHandler
                0x0000000008002824                DMA1_Channel1_IRQHandler
                0x0000000008002824                Default_Handler
                0x0000000008002824                CEC_IRQHandler
                0x0000000008002824                EXTI15_10_IRQHandler
                0x0000000008002824                EXTI9_5_IRQHandler
                0x0000000008002824                SPI2_IRQHandler
                0x0000000008002824                DMA1_Channel5_IRQHandler
                0x0000000008002824                EXTI4_IRQHandler
                0x0000000008002824                TIM1_TRG_COM_TIM17_IRQHandler
                0x0000000008002824                DMA1_Channel3_IRQHandler
                0x0000000008002824                WWDG_IRQHandler
                0x0000000008002824                TIM2_IRQHandler
                0x0000000008002824                EXTI1_IRQHandler
                0x0000000008002824                DMA1_Channel2_IRQHandler
                0x0000000008002824                FLASH_IRQHandler
                0x0000000008002824                I2C1_ER_IRQHandler
                0x0000000008002824                TIM1_BRK_TIM15_IRQHandler
 *fill*         0x0000000008002826        0x2 
 .text.HAL_Init
                0x0000000008002828       0x18 obj/stm32f1xx_hal.o
                0x0000000008002828                HAL_Init
 .text.HAL_IncTick
                0x0000000008002840       0x18 obj/stm32f1xx_hal.o
                0x0000000008002840                HAL_IncTick
 .text.HAL_GetTick
                0x0000000008002858        0xc obj/stm32f1xx_hal.o
                0x0000000008002858                HAL_GetTick
 .text.HAL_NVIC_SetPriorityGrouping
                0x0000000008002864       0x24 obj/stm32f1xx_hal_cortex.o
                0x0000000008002864                HAL_NVIC_SetPriorityGrouping
 .text.HAL_NVIC_SetPriority
                0x0000000008002888       0x7c obj/stm32f1xx_hal_cortex.o
                0x0000000008002888                HAL_NVIC_SetPriority
 .text.HAL_NVIC_EnableIRQ
                0x0000000008002904       0x1c obj/stm32f1xx_hal_cortex.o
                0x0000000008002904                HAL_NVIC_EnableIRQ
 .text.HAL_DMA_Abort
                0x0000000008002920       0x4c obj/stm32f1xx_hal_dma.o
                0x0000000008002920                HAL_DMA_Abort
 .text.HAL_DMA_Abort_IT
                0x000000000800296c       0x98 obj/stm32f1xx_hal_dma.o
                0x000000000800296c                HAL_DMA_Abort_IT
 .text.HAL_GPIO_Init
                0x0000000008002a04      0x21c obj/stm32f1xx_hal_gpio.o
                0x0000000008002a04                HAL_GPIO_Init
 .text.HAL_GPIO_WritePin
                0x0000000008002c20        0x8 obj/stm32f1xx_hal_gpio.o
                0x0000000008002c20                HAL_GPIO_WritePin
 .text.HAL_MspInit
                0x0000000008002c28       0x44 obj/stm32f1xx_hal_msp.o
                0x0000000008002c28                HAL_MspInit
 .text.HAL_RCC_OscConfig
                0x0000000008002c6c      0x3e0 obj/stm32f1xx_hal_rcc.o
                0x0000000008002c6c                HAL_RCC_OscConfig
 .text.HAL_RCC_GetSysClockFreq
                0x000000000800304c       0x50 obj/stm32f1xx_hal_rcc.o
                0x000000000800304c                HAL_RCC_GetSysClockFreq
 .text.HAL_RCC_ClockConfig
                0x000000000800309c       0xf0 obj/stm32f1xx_hal_rcc.o
                0x000000000800309c                HAL_RCC_ClockConfig
 .text.HAL_RCC_GetPCLK1Freq
                0x000000000800318c       0x20 obj/stm32f1xx_hal_rcc.o
                0x000000000800318c                HAL_RCC_GetPCLK1Freq
 .text.HAL_RCC_GetPCLK2Freq
                0x00000000080031ac       0x20 obj/stm32f1xx_hal_rcc.o
                0x00000000080031ac                HAL_RCC_GetPCLK2Freq
 .text.HAL_RCC_GetClockConfig
                0x00000000080031cc       0x38 obj/stm32f1xx_hal_rcc.o
                0x00000000080031cc                HAL_RCC_GetClockConfig
 .text.HAL_TIM_Base_MspInit
                0x0000000008003204        0x4 obj/stm32f1xx_hal_tim.o
                0x0000000008003204                HAL_TIM_Base_MspInit
 .text.HAL_TIM_Base_Start_IT
                0x0000000008003208       0x60 obj/stm32f1xx_hal_tim.o
                0x0000000008003208                HAL_TIM_Base_Start_IT
 .text.HAL_TIM_OC_DelayElapsedCallback
                0x0000000008003268        0x4 obj/stm32f1xx_hal_tim.o
                0x0000000008003268                HAL_TIM_OC_DelayElapsedCallback
 .text.HAL_TIM_IC_CaptureCallback
                0x000000000800326c        0x4 obj/stm32f1xx_hal_tim.o
                0x000000000800326c                HAL_TIM_IC_CaptureCallback
 .text.HAL_TIM_PWM_PulseFinishedCallback
                0x0000000008003270        0x4 obj/stm32f1xx_hal_tim.o
                0x0000000008003270                HAL_TIM_PWM_PulseFinishedCallback
 .text.HAL_TIM_TriggerCallback
                0x0000000008003274        0x4 obj/stm32f1xx_hal_tim.o
                0x0000000008003274                HAL_TIM_TriggerCallback
 .text.HAL_TIM_IRQHandler
                0x0000000008003278      0x138 obj/stm32f1xx_hal_tim.o
                0x0000000008003278                HAL_TIM_IRQHandler
 .text.TIM_Base_SetConfig
                0x00000000080033b0       0xac obj/stm32f1xx_hal_tim.o
                0x00000000080033b0                TIM_Base_SetConfig
 .text.HAL_TIM_Base_Init
                0x000000000800345c       0x5c obj/stm32f1xx_hal_tim.o
                0x000000000800345c                HAL_TIM_Base_Init
 .text.HAL_TIMEx_CommutCallback
                0x00000000080034b8        0x4 obj/stm32f1xx_hal_tim_ex.o
                0x00000000080034b8                HAL_TIMEx_CommutCallback
 .text.HAL_TIMEx_BreakCallback
                0x00000000080034bc        0x4 obj/stm32f1xx_hal_tim_ex.o
                0x00000000080034bc                HAL_TIMEx_BreakCallback
 .text.HAL_InitTick
                0x00000000080034c0       0xa4 obj/stm32f1xx_hal_timebase_tim.o
                0x00000000080034c0                HAL_InitTick
 .text.UART_EndRxTransfer
                0x0000000008003564       0x60 obj/stm32f1xx_hal_uart.o
 .text.UART_SetConfig
                0x00000000080035c4       0xc8 obj/stm32f1xx_hal_uart.o
 .text.HAL_UART_Init
                0x000000000800368c       0x64 obj/stm32f1xx_hal_uart.o
                0x000000000800368c                HAL_UART_Init
 .text.HAL_UART_TxCpltCallback
                0x00000000080036f0        0x4 obj/stm32f1xx_hal_uart.o
                0x00000000080036f0                HAL_UART_TxCpltCallback
 .text.HAL_UART_RxCpltCallback
                0x00000000080036f4        0x4 obj/stm32f1xx_hal_uart.o
                0x00000000080036f4                HAL_UART_RxCpltCallback
 .text.HAL_UART_ErrorCallback
                0x00000000080036f8        0x4 obj/stm32f1xx_hal_uart.o
                0x00000000080036f8                HAL_UART_ErrorCallback
 .text.UART_DMAAbortOnError
                0x00000000080036fc       0x10 obj/stm32f1xx_hal_uart.o
 .text.HAL_UARTEx_RxEventCallback
                0x000000000800370c        0x4 obj/stm32f1xx_hal_uart.o
                0x000000000800370c                HAL_UARTEx_RxEventCallback
 .text.UART_Receive_IT.part.0.isra.0
                0x0000000008003710       0xcc obj/stm32f1xx_hal_uart.o
 .text.HAL_UART_IRQHandler
                0x00000000080037dc      0x2e4 obj/stm32f1xx_hal_uart.o
                0x00000000080037dc                HAL_UART_IRQHandler
 .text.NMI_Handler
                0x0000000008003ac0        0x4 obj/stm32f1xx_it.o
                0x0000000008003ac0                NMI_Handler
 .text.HardFault_Handler
                0x0000000008003ac4        0x4 obj/stm32f1xx_it.o
                0x0000000008003ac4                HardFault_Handler
 .text.MemManage_Handler
                0x0000000008003ac8        0x4 obj/stm32f1xx_it.o
                0x0000000008003ac8                MemManage_Handler
 .text.BusFault_Handler
                0x0000000008003acc        0x4 obj/stm32f1xx_it.o
                0x0000000008003acc                BusFault_Handler
 .text.UsageFault_Handler
                0x0000000008003ad0        0x4 obj/stm32f1xx_it.o
                0x0000000008003ad0                UsageFault_Handler
 .text.SVC_Handler
                0x0000000008003ad4        0x4 obj/stm32f1xx_it.o
                0x0000000008003ad4                SVC_Handler
 .text.DebugMon_Handler
                0x0000000008003ad8        0x4 obj/stm32f1xx_it.o
                0x0000000008003ad8                DebugMon_Handler
 .text.PendSV_Handler
                0x0000000008003adc        0x4 obj/stm32f1xx_it.o
                0x0000000008003adc                PendSV_Handler
 .text.SysTick_Handler
                0x0000000008003ae0        0x4 obj/stm32f1xx_it.o
                0x0000000008003ae0                SysTick_Handler
 .text.USART1_IRQHandler
                0x0000000008003ae4        0xc obj/stm32f1xx_it.o
                0x0000000008003ae4                USART1_IRQHandler
 .text.USART2_IRQHandler
                0x0000000008003af0        0xc obj/stm32f1xx_it.o
                0x0000000008003af0                USART2_IRQHandler
 .text.TIM7_IRQHandler
                0x0000000008003afc        0xc obj/stm32f1xx_it.o
                0x0000000008003afc                TIM7_IRQHandler
 .text.SystemInit
                0x0000000008003b08        0x4 obj/system_stm32f1xx.o
                0x0000000008003b08                SystemInit
 .text.__libc_init_array
                0x0000000008003b0c       0x48 /home/pack/gcc-arm-none-eabi-10.3-2021.10/bin/../lib/gcc/arm-none-eabi/10.3.1/../../../../arm-none-eabi/lib/thumb/v7-m/nofp/libc.a(lib_a-init.o)
                0x0000000008003b0c                __libc_init_array
 .text.memset   0x0000000008003b54       0xa4 /home/pack/gcc-arm-none-eabi-10.3-2021.10/bin/../lib/gcc/arm-none-eabi/10.3.1/../../../../arm-none-eabi/lib/thumb/v7-m/nofp/libc.a(lib_a-memset.o)
                0x0000000008003b54                memset
 .text.startup.register_fini
                0x0000000008003bf8       0x14 /home/pack/gcc-arm-none-eabi-10.3-2021.10/bin/../lib/gcc/arm-none-eabi/10.3.1/../../../../arm-none-eabi/lib/thumb/v7-m/nofp/libc.a(lib_a-__call_atexit.o)
 .text.atexit   0x0000000008003c0c        0xc /home/pack/gcc-arm-none-eabi-10.3-2021.10/bin/../lib/gcc/arm-none-eabi/10.3.1/../../../../arm-none-eabi/lib/thumb/v7-m/nofp/libc.a(lib_a-atexit.o)
                0x0000000008003c0c                atexit
 .text.__libc_fini_array
                0x0000000008003c18       0x2c /home/pack/gcc-arm-none-eabi-10.3-2021.10/bin/../lib/gcc/arm-none-eabi/10.3.1/../../../../arm-none-eabi/lib/thumb/v7-m/nofp/libc.a(lib_a-fini.o)
                0x0000000008003c18                __libc_fini_array
 .text.__retarget_lock_acquire_recursive
                0x0000000008003c44        0x4 /home/pack/gcc-arm-none-eabi-10.3-2021.10/bin/../lib/gcc/arm-none-eabi/10.3.1/../../../../arm-none-eabi/lib/thumb/v7-m/nofp/libc.a(lib_a-lock.o)
                0x0000000008003c44                __retarget_lock_acquire_recursive
 .text.__retarget_lock_release_recursive
                0x0000000008003c48        0x4 /home/pack/gcc-arm-none-eabi-10.3-2021.10/bin/../lib/gcc/arm-none-eabi/10.3.1/../../../../arm-none-eabi/lib/thumb/v7-m/nofp/libc.a(lib_a-lock.o)
                0x0000000008003c48                __retarget_lock_release_recursive
 .text.__register_exitproc
                0x0000000008003c4c       0x8c /home/pack/gcc-arm-none-eabi-10.3-2021.10/bin/../lib/gcc/arm-none-eabi/10.3.1/../../../../arm-none-eabi/lib/thumb/v7-m/nofp/libc.a(lib_a-__atexit.o)
                0x0000000008003c4c                __register_exitproc
 *(.glue_7)
 .glue_7        0x0000000008003cd8        0x0 linker stubs
 *(.glue_7t)
 .glue_7t       0x0000000008003cd8        0x0 linker stubs
 *(.eh_frame)
 .eh_frame      0x0000000008003cd8        0x0 /home/pack/gcc-arm-none-eabi-10.3-2021.10/bin/../lib/gcc/arm-none-eabi/10.3.1/thumb/v7-m/nofp/crtbegin.o
 *(.init)
 .init          0x0000000008003cd8        0x4 /home/pack/gcc-arm-none-eabi-10.3-2021.10/bin/../lib/gcc/arm-none-eabi/10.3.1/thumb/v7-m/nofp/crti.o
                0x0000000008003cd8                _init
 .init          0x0000000008003cdc        0x8 /home/pack/gcc-arm-none-eabi-10.3-2021.10/bin/../lib/gcc/arm-none-eabi/10.3.1/thumb/v7-m/nofp/crtn.o
 *(.fini)
 .fini          0x0000000008003ce4        0x4 /home/pack/gcc-arm-none-eabi-10.3-2021.10/bin/../lib/gcc/arm-none-eabi/10.3.1/thumb/v7-m/nofp/crti.o
                0x0000000008003ce4                _fini
 .fini          0x0000000008003ce8        0x8 /home/pack/gcc-arm-none-eabi-10.3-2021.10/bin/../lib/gcc/arm-none-eabi/10.3.1/thumb/v7-m/nofp/crtn.o
                0x0000000008003cf0                . = ALIGN (0x4)
                0x0000000008003cf0                _etext = .

.vfp11_veneer   0x0000000008003cf0        0x0
 .vfp11_veneer  0x0000000008003cf0        0x0 linker stubs

.v4_bx          0x0000000008003cf0        0x0
 .v4_bx         0x0000000008003cf0        0x0 linker stubs

.iplt           0x0000000008003cf0        0x0
 .iplt          0x0000000008003cf0        0x0 /home/pack/gcc-arm-none-eabi-10.3-2021.10/bin/../lib/gcc/arm-none-eabi/10.3.1/thumb/v7-m/nofp/crtbegin.o

.rodata         0x0000000008003cf0      0x144
                0x0000000008003cf0                . = ALIGN (0x4)
 *(.rodata)
 *(.rodata*)
 .rodata.USER_LED1_On.str1.4
                0x0000000008003cf0        0xc obj/bsp_led.o
 .rodata.USER_LED1_Toggle.str1.4
                0x0000000008003cfc       0x10 obj/bsp_led.o
 .rodata.USER_LED2_On.str1.4
                0x0000000008003d0c        0xc obj/bsp_led.o
 .rodata.USER_LED2_Toggle.str1.4
                0x0000000008003d18       0x10 obj/bsp_led.o
 .rodata.main.str1.4
                0x0000000008003d28       0x18 obj/main.o
 .rodata.print_floating_point.str1.4
                0x0000000008003d40       0x15 obj/rt_vsnprintf.o
 *fill*         0x0000000008003d55        0x3 
 .rodata.rt_vsnprintf.str1.4
                0x0000000008003d58        0xe obj/rt_vsnprintf.o
 *fill*         0x0000000008003d66        0x2 
 .rodata.powers_of_10
                0x0000000008003d68       0x90 obj/rt_vsnprintf.o
 .rodata.aPLLMULFactorTable.1
                0x0000000008003df8       0x10 obj/stm32f1xx_hal_rcc.o
 .rodata.aPredivFactorTable.0
                0x0000000008003e08       0x10 obj/stm32f1xx_hal_rcc.o
 .rodata.AHBPrescTable
                0x0000000008003e18       0x10 obj/system_stm32f1xx.o
                0x0000000008003e18                AHBPrescTable
 .rodata.APBPrescTable
                0x0000000008003e28        0x8 obj/system_stm32f1xx.o
                0x0000000008003e28                APBPrescTable
 .rodata._global_impure_ptr
                0x0000000008003e30        0x4 /home/pack/gcc-arm-none-eabi-10.3-2021.10/bin/../lib/gcc/arm-none-eabi/10.3.1/../../../../arm-none-eabi/lib/thumb/v7-m/nofp/libc.a(lib_a-impure.o)
                0x0000000008003e30                _global_impure_ptr
                0x0000000008003e34                . = ALIGN (0x4)

.ARM.extab
 *(.ARM.extab* .gnu.linkonce.armextab.*)

.ARM            0x0000000008003e34        0x8
                0x0000000008003e34                __exidx_start = .
 *(.ARM.exidx*)
 .ARM.exidx     0x0000000008003e34        0x8 /home/pack/gcc-arm-none-eabi-10.3-2021.10/bin/../lib/gcc/arm-none-eabi/10.3.1/thumb/v7-m/nofp/libgcc.a(_udivmoddi4.o)
                0x0000000008003e3c                __exidx_end = .

.rel.dyn        0x0000000008003e3c        0x0
 .rel.iplt      0x0000000008003e3c        0x0 /home/pack/gcc-arm-none-eabi-10.3-2021.10/bin/../lib/gcc/arm-none-eabi/10.3.1/thumb/v7-m/nofp/crtbegin.o

.preinit_array  0x0000000008003e3c        0x0
                0x0000000008003e3c                PROVIDE (__preinit_array_start = .)
 *(.preinit_array*)
                0x0000000008003e3c                PROVIDE (__preinit_array_end = .)

.init_array     0x0000000008003e3c        0x8
                0x0000000008003e3c                PROVIDE (__init_array_start = .)
 *(SORT_BY_NAME(.init_array.*))
 .init_array.00000
                0x0000000008003e3c        0x4 /home/pack/gcc-arm-none-eabi-10.3-2021.10/bin/../lib/gcc/arm-none-eabi/10.3.1/../../../../arm-none-eabi/lib/thumb/v7-m/nofp/libc.a(lib_a-__call_atexit.o)
 *(.init_array*)
 .init_array    0x0000000008003e40        0x4 /home/pack/gcc-arm-none-eabi-10.3-2021.10/bin/../lib/gcc/arm-none-eabi/10.3.1/thumb/v7-m/nofp/crtbegin.o
                0x0000000008003e44                PROVIDE (__init_array_end = .)

.fini_array     0x0000000008003e44        0x4
                0x0000000008003e44                PROVIDE (__fini_array_start = .)
 *(SORT_BY_NAME(.fini_array.*))
 *(.fini_array*)
 .fini_array    0x0000000008003e44        0x4 /home/pack/gcc-arm-none-eabi-10.3-2021.10/bin/../lib/gcc/arm-none-eabi/10.3.1/thumb/v7-m/nofp/crtbegin.o
                0x0000000008003e48                PROVIDE (__fini_array_end = .)
                0x0000000008003e48                _sidata = LOADADDR (.data)

.data           0x0000000020000000      0x43c load address 0x0000000008003e48
                0x0000000020000000                . = ALIGN (0x4)
                0x0000000020000000                _sdata = .
 *(.data)
 *(.data*)
 .data.uwTickFreq
                0x0000000020000000        0x1 obj/stm32f1xx_hal.o
                0x0000000020000000                uwTickFreq
 *fill*         0x0000000020000001        0x3 
 .data.uwTickPrio
                0x0000000020000004        0x4 obj/stm32f1xx_hal.o
                0x0000000020000004                uwTickPrio
 .data.SystemCoreClock
                0x0000000020000008        0x4 obj/system_stm32f1xx.o
                0x0000000020000008                SystemCoreClock
 *fill*         0x000000002000000c        0x4 
 .data.impure_data
                0x0000000020000010      0x428 /home/pack/gcc-arm-none-eabi-10.3-2021.10/bin/../lib/gcc/arm-none-eabi/10.3.1/../../../../arm-none-eabi/lib/thumb/v7-m/nofp/libc.a(lib_a-impure.o)
 .data.__atexit_recursive_mutex
                0x0000000020000438        0x4 /home/pack/gcc-arm-none-eabi-10.3-2021.10/bin/../lib/gcc/arm-none-eabi/10.3.1/../../../../arm-none-eabi/lib/thumb/v7-m/nofp/libc.a(lib_a-__call_atexit.o)
                0x0000000020000438                __atexit_recursive_mutex
                0x000000002000043c                . = ALIGN (0x4)
                0x000000002000043c                _edata = .

.igot.plt       0x000000002000043c        0x0 load address 0x0000000008004284
 .igot.plt      0x000000002000043c        0x0 /home/pack/gcc-arm-none-eabi-10.3-2021.10/bin/../lib/gcc/arm-none-eabi/10.3.1/thumb/v7-m/nofp/crtbegin.o
                0x000000002000043c                . = ALIGN (0x4)

.bss            0x000000002000043c      0x17c load address 0x0000000008004284
                0x000000002000043c                _sbss = .
                0x000000002000043c                __bss_start__ = _sbss
 *(.bss)
 .bss           0x000000002000043c       0x1c /home/pack/gcc-arm-none-eabi-10.3-2021.10/bin/../lib/gcc/arm-none-eabi/10.3.1/thumb/v7-m/nofp/crtbegin.o
 *(.bss*)
 .bss.huart1    0x0000000020000458       0x48 obj/bsp_uart.o
                0x0000000020000458                huart1
 .bss.huart2    0x00000000200004a0       0x48 obj/bsp_uart.o
                0x00000000200004a0                huart2
 .bss.rt_log_buf.0
                0x00000000200004e8       0x80 obj/kservice.o
 .bss.uwTick    0x0000000020000568        0x4 obj/stm32f1xx_hal.o
                0x0000000020000568                uwTick
 .bss.htim7     0x000000002000056c       0x48 obj/stm32f1xx_hal_timebase_tim.o
                0x000000002000056c                htim7
 .bss.__lock___atexit_recursive_mutex
                0x00000000200005b4        0x1 /home/pack/gcc-arm-none-eabi-10.3-2021.10/bin/../lib/gcc/arm-none-eabi/10.3.1/../../../../arm-none-eabi/lib/thumb/v7-m/nofp/libc.a(lib_a-lock.o)
                0x00000000200005b4                __lock___atexit_recursive_mutex
 *(COMMON)
                0x00000000200005b8                . = ALIGN (0x4)
 *fill*         0x00000000200005b5        0x3 
                0x00000000200005b8                _ebss = .
                0x00000000200005b8                __bss_end__ = _ebss

._user_heap_stack
                0x00000000200005b8      0x600 load address 0x0000000008004284
                0x00000000200005b8                . = ALIGN (0x8)
                [!provide]                        PROVIDE (end = .)
                [!provide]                        PROVIDE (_end = .)
                0x00000000200007b8                . = (. + _Min_Heap_Size)
 *fill*         0x00000000200005b8      0x200 
                0x0000000020000bb8                . = (. + _Min_Stack_Size)
 *fill*         0x00000000200007b8      0x400 
                0x0000000020000bb8                . = ALIGN (0x8)

/DISCARD/
 libc.a(*)
 libm.a(*)
 libgcc.a(*)

.ARM.attributes
                0x0000000000000000       0x29
 *(.ARM.attributes)
 .ARM.attributes
                0x0000000000000000       0x1d /home/pack/gcc-arm-none-eabi-10.3-2021.10/bin/../lib/gcc/arm-none-eabi/10.3.1/thumb/v7-m/nofp/crti.o
 .ARM.attributes
                0x000000000000001d       0x2d /home/pack/gcc-arm-none-eabi-10.3-2021.10/bin/../lib/gcc/arm-none-eabi/10.3.1/thumb/v7-m/nofp/crtbegin.o
 .ARM.attributes
                0x000000000000004a       0x2d obj/bsp_led.o
 .ARM.attributes
                0x0000000000000077       0x2d obj/bsp_uart.o
 .ARM.attributes
                0x00000000000000a4       0x2d obj/kservice.o
 .ARM.attributes
                0x00000000000000d1       0x2d obj/main.o
 .ARM.attributes
                0x00000000000000fe       0x2d obj/rt_vsnprintf.o
 .ARM.attributes
                0x000000000000012b       0x21 obj/startup_stm32f100xb.o
 .ARM.attributes
                0x000000000000014c       0x2d obj/stm32f1xx_hal.o
 .ARM.attributes
                0x0000000000000179       0x2d obj/stm32f1xx_hal_cortex.o
 .ARM.attributes
                0x00000000000001a6       0x2d obj/stm32f1xx_hal_dma.o
 .ARM.attributes
                0x00000000000001d3       0x2d obj/stm32f1xx_hal_gpio.o
 .ARM.attributes
                0x0000000000000200       0x2d obj/stm32f1xx_hal_msp.o
 .ARM.attributes
                0x000000000000022d       0x2d obj/stm32f1xx_hal_rcc.o
 .ARM.attributes
                0x000000000000025a       0x2d obj/stm32f1xx_hal_tim.o
 .ARM.attributes
                0x0000000000000287       0x2d obj/stm32f1xx_hal_tim_ex.o
 .ARM.attributes
                0x00000000000002b4       0x2d obj/stm32f1xx_hal_timebase_tim.o
 .ARM.attributes
                0x00000000000002e1       0x2d obj/stm32f1xx_hal_uart.o
 .ARM.attributes
                0x000000000000030e       0x2d obj/stm32f1xx_it.o
 .ARM.attributes
                0x000000000000033b       0x2d obj/system_stm32f1xx.o
 .ARM.attributes
                0x0000000000000368       0x1d /home/pack/gcc-arm-none-eabi-10.3-2021.10/bin/../lib/gcc/arm-none-eabi/10.3.1/thumb/v7-m/nofp/libgcc.a(_arm_addsubdf3.o)
 .ARM.attributes
                0x0000000000000385       0x1d /home/pack/gcc-arm-none-eabi-10.3-2021.10/bin/../lib/gcc/arm-none-eabi/10.3.1/thumb/v7-m/nofp/libgcc.a(_arm_muldivdf3.o)
 .ARM.attributes
                0x00000000000003a2       0x1d /home/pack/gcc-arm-none-eabi-10.3-2021.10/bin/../lib/gcc/arm-none-eabi/10.3.1/thumb/v7-m/nofp/libgcc.a(_arm_cmpdf2.o)
 .ARM.attributes
                0x00000000000003bf       0x1d /home/pack/gcc-arm-none-eabi-10.3-2021.10/bin/../lib/gcc/arm-none-eabi/10.3.1/thumb/v7-m/nofp/libgcc.a(_arm_fixdfsi.o)
 .ARM.attributes
                0x00000000000003dc       0x1d /home/pack/gcc-arm-none-eabi-10.3-2021.10/bin/../lib/gcc/arm-none-eabi/10.3.1/thumb/v7-m/nofp/libgcc.a(_aeabi_ldivmod.o)
 .ARM.attributes
                0x00000000000003f9       0x1d /home/pack/gcc-arm-none-eabi-10.3-2021.10/bin/../lib/gcc/arm-none-eabi/10.3.1/thumb/v7-m/nofp/libgcc.a(_aeabi_uldivmod.o)
 .ARM.attributes
                0x0000000000000416       0x2d /home/pack/gcc-arm-none-eabi-10.3-2021.10/bin/../lib/gcc/arm-none-eabi/10.3.1/thumb/v7-m/nofp/libgcc.a(_fixdfdi.o)
 .ARM.attributes
                0x0000000000000443       0x2d /home/pack/gcc-arm-none-eabi-10.3-2021.10/bin/../lib/gcc/arm-none-eabi/10.3.1/thumb/v7-m/nofp/libgcc.a(_fixunsdfdi.o)
 .ARM.attributes
                0x0000000000000470       0x2d /home/pack/gcc-arm-none-eabi-10.3-2021.10/bin/../lib/gcc/arm-none-eabi/10.3.1/thumb/v7-m/nofp/libgcc.a(_udivmoddi4.o)
 .ARM.attributes
                0x000000000000049d       0x1d /home/pack/gcc-arm-none-eabi-10.3-2021.10/bin/../lib/gcc/arm-none-eabi/10.3.1/thumb/v7-m/nofp/libgcc.a(_dvmd_tls.o)
 .ARM.attributes
                0x00000000000004ba       0x1d /home/pack/gcc-arm-none-eabi-10.3-2021.10/bin/../lib/gcc/arm-none-eabi/10.3.1/thumb/v7-m/nofp/libgcc.a(_arm_fixunsdfsi.o)
 .ARM.attributes
                0x00000000000004d7       0x2d /home/pack/gcc-arm-none-eabi-10.3-2021.10/bin/../lib/gcc/arm-none-eabi/10.3.1/../../../../arm-none-eabi/lib/thumb/v7-m/nofp/libc.a(lib_a-impure.o)
 .ARM.attributes
                0x0000000000000504       0x2d /home/pack/gcc-arm-none-eabi-10.3-2021.10/bin/../lib/gcc/arm-none-eabi/10.3.1/../../../../arm-none-eabi/lib/thumb/v7-m/nofp/libc.a(lib_a-init.o)
 .ARM.attributes
                0x0000000000000531       0x2d /home/pack/gcc-arm-none-eabi-10.3-2021.10/bin/../lib/gcc/arm-none-eabi/10.3.1/../../../../arm-none-eabi/lib/thumb/v7-m/nofp/libc.a(lib_a-memset.o)
 .ARM.attributes
                0x000000000000055e       0x2d /home/pack/gcc-arm-none-eabi-10.3-2021.10/bin/../lib/gcc/arm-none-eabi/10.3.1/../../../../arm-none-eabi/lib/thumb/v7-m/nofp/libc.a(lib_a-__call_atexit.o)
 .ARM.attributes
                0x000000000000058b       0x2d /home/pack/gcc-arm-none-eabi-10.3-2021.10/bin/../lib/gcc/arm-none-eabi/10.3.1/../../../../arm-none-eabi/lib/thumb/v7-m/nofp/libc.a(lib_a-atexit.o)
 .ARM.attributes
                0x00000000000005b8       0x2d /home/pack/gcc-arm-none-eabi-10.3-2021.10/bin/../lib/gcc/arm-none-eabi/10.3.1/../../../../arm-none-eabi/lib/thumb/v7-m/nofp/libc.a(lib_a-fini.o)
 .ARM.attributes
                0x00000000000005e5       0x2d /home/pack/gcc-arm-none-eabi-10.3-2021.10/bin/../lib/gcc/arm-none-eabi/10.3.1/../../../../arm-none-eabi/lib/thumb/v7-m/nofp/libc.a(lib_a-lock.o)
 .ARM.attributes
                0x0000000000000612       0x2d /home/pack/gcc-arm-none-eabi-10.3-2021.10/bin/../lib/gcc/arm-none-eabi/10.3.1/../../../../arm-none-eabi/lib/thumb/v7-m/nofp/libc.a(lib_a-__atexit.o)
 .ARM.attributes
                0x000000000000063f       0x1d /home/pack/gcc-arm-none-eabi-10.3-2021.10/bin/../lib/gcc/arm-none-eabi/10.3.1/thumb/v7-m/nofp/crtn.o
OUTPUT(firmware.elf elf32-littlearm)
LOAD linker stubs
LOAD /home/pack/gcc-arm-none-eabi-10.3-2021.10/bin/../lib/gcc/arm-none-eabi/10.3.1/../../../../arm-none-eabi/lib/thumb/v7-m/nofp/libc.a
LOAD /home/pack/gcc-arm-none-eabi-10.3-2021.10/bin/../lib/gcc/arm-none-eabi/10.3.1/../../../../arm-none-eabi/lib/thumb/v7-m/nofp/libm.a
LOAD /home/pack/gcc-arm-none-eabi-10.3-2021.10/bin/../lib/gcc/arm-none-eabi/10.3.1/thumb/v7-m/nofp/libgcc.a

.debug_info     0x0000000000000000    0x13a65
 .debug_info    0x0000000000000000      0x3f8 obj/bsp_led.o
 .debug_info    0x00000000000003f8      0xbae obj/bsp_uart.o
 .debug_info    0x0000000000000fa6      0xf6e obj/kservice.o
 .debug_info    0x0000000000001f14      0xad0 obj/main.o
 .debug_info    0x00000000000029e4     0x2340 obj/rt_vsnprintf.o
 .debug_info    0x0000000000004d24       0x22 obj/startup_stm32f100xb.o
 .debug_info    0x0000000000004d46      0x759 obj/stm32f1xx_hal.o
 .debug_info    0x000000000000549f      0xd6e obj/stm32f1xx_hal_cortex.o
 .debug_info    0x000000000000620d      0x86c obj/stm32f1xx_hal_dma.o
 .debug_info    0x0000000000006a79      0x68b obj/stm32f1xx_hal_gpio.o
 .debug_info    0x0000000000007104      0x23b obj/stm32f1xx_hal_msp.o
 .debug_info    0x000000000000733f      0x9eb obj/stm32f1xx_hal_rcc.o
 .debug_info    0x0000000000007d2a     0x4868 obj/stm32f1xx_hal_tim.o
 .debug_info    0x000000000000c592     0x1b7e obj/stm32f1xx_hal_tim_ex.o
 .debug_info    0x000000000000e110      0xa5b obj/stm32f1xx_hal_timebase_tim.o
 .debug_info    0x000000000000eb6b     0x42dd obj/stm32f1xx_hal_uart.o
 .debug_info    0x0000000000012e48      0x9bc obj/stm32f1xx_it.o
 .debug_info    0x0000000000013804      0x261 obj/system_stm32f1xx.o

.debug_abbrev   0x0000000000000000     0x2ba1
 .debug_abbrev  0x0000000000000000      0x165 obj/bsp_led.o
 .debug_abbrev  0x0000000000000165      0x243 obj/bsp_uart.o
 .debug_abbrev  0x00000000000003a8      0x3b9 obj/kservice.o
 .debug_abbrev  0x0000000000000761      0x2f6 obj/main.o
 .debug_abbrev  0x0000000000000a57      0x41e obj/rt_vsnprintf.o
 .debug_abbrev  0x0000000000000e75       0x12 obj/startup_stm32f100xb.o
 .debug_abbrev  0x0000000000000e87      0x28a obj/stm32f1xx_hal.o
 .debug_abbrev  0x0000000000001111      0x349 obj/stm32f1xx_hal_cortex.o
 .debug_abbrev  0x000000000000145a      0x241 obj/stm32f1xx_hal_dma.o
 .debug_abbrev  0x000000000000169b      0x1e7 obj/stm32f1xx_hal_gpio.o
 .debug_abbrev  0x0000000000001882      0x109 obj/stm32f1xx_hal_msp.o
 .debug_abbrev  0x000000000000198b      0x2c6 obj/stm32f1xx_hal_rcc.o
 .debug_abbrev  0x0000000000001c51      0x37c obj/stm32f1xx_hal_tim.o
 .debug_abbrev  0x0000000000001fcd      0x318 obj/stm32f1xx_hal_tim_ex.o
 .debug_abbrev  0x00000000000022e5      0x200 obj/stm32f1xx_hal_timebase_tim.o
 .debug_abbrev  0x00000000000024e5      0x3e6 obj/stm32f1xx_hal_uart.o
 .debug_abbrev  0x00000000000028cb      0x1ba obj/stm32f1xx_it.o
 .debug_abbrev  0x0000000000002a85      0x11c obj/system_stm32f1xx.o

.debug_aranges  0x0000000000000000      0xb10
 .debug_aranges
                0x0000000000000000       0x50 obj/bsp_led.o
 .debug_aranges
                0x0000000000000050       0x40 obj/bsp_uart.o
 .debug_aranges
                0x0000000000000090       0xc0 obj/kservice.o
 .debug_aranges
                0x0000000000000150       0x40 obj/main.o
 .debug_aranges
                0x0000000000000190       0x78 obj/rt_vsnprintf.o
 .debug_aranges
                0x0000000000000208       0x28 obj/startup_stm32f100xb.o
 .debug_aranges
                0x0000000000000230       0xd8 obj/stm32f1xx_hal.o
 .debug_aranges
                0x0000000000000308       0x90 obj/stm32f1xx_hal_cortex.o
 .debug_aranges
                0x0000000000000398       0x78 obj/stm32f1xx_hal_dma.o
 .debug_aranges
                0x0000000000000410       0x58 obj/stm32f1xx_hal_gpio.o
 .debug_aranges
                0x0000000000000468       0x28 obj/stm32f1xx_hal_msp.o
 .debug_aranges
                0x0000000000000490       0x88 obj/stm32f1xx_hal_rcc.o
 .debug_aranges
                0x0000000000000518      0x298 obj/stm32f1xx_hal_tim.o
 .debug_aranges
                0x00000000000007b0      0x110 obj/stm32f1xx_hal_tim_ex.o
 .debug_aranges
                0x00000000000008c0       0x30 obj/stm32f1xx_hal_timebase_tim.o
 .debug_aranges
                0x00000000000008f0      0x1a0 obj/stm32f1xx_hal_uart.o
 .debug_aranges
                0x0000000000000a90       0x58 obj/stm32f1xx_it.o
 .debug_aranges
                0x0000000000000ae8       0x28 obj/system_stm32f1xx.o

.debug_ranges   0x0000000000000000     0x1998
 .debug_ranges  0x0000000000000000       0x88 obj/bsp_led.o
 .debug_ranges  0x0000000000000088       0xb0 obj/bsp_uart.o
 .debug_ranges  0x0000000000000138      0x158 obj/kservice.o
 .debug_ranges  0x0000000000000290       0x60 obj/main.o
 .debug_ranges  0x00000000000002f0      0x568 obj/rt_vsnprintf.o
 .debug_ranges  0x0000000000000858       0x20 obj/startup_stm32f100xb.o
 .debug_ranges  0x0000000000000878       0xc8 obj/stm32f1xx_hal.o
 .debug_ranges  0x0000000000000940      0x180 obj/stm32f1xx_hal_cortex.o
 .debug_ranges  0x0000000000000ac0       0xa8 obj/stm32f1xx_hal_dma.o
 .debug_ranges  0x0000000000000b68       0x70 obj/stm32f1xx_hal_gpio.o
 .debug_ranges  0x0000000000000bd8       0x50 obj/stm32f1xx_hal_msp.o
 .debug_ranges  0x0000000000000c28      0x128 obj/stm32f1xx_hal_rcc.o
 .debug_ranges  0x0000000000000d50      0x690 obj/stm32f1xx_hal_tim.o
 .debug_ranges  0x00000000000013e0      0x248 obj/stm32f1xx_hal_tim_ex.o
 .debug_ranges  0x0000000000001628       0x50 obj/stm32f1xx_hal_timebase_tim.o
 .debug_ranges  0x0000000000001678      0x2c0 obj/stm32f1xx_hal_uart.o
 .debug_ranges  0x0000000000001938       0x48 obj/stm32f1xx_it.o
 .debug_ranges  0x0000000000001980       0x18 obj/system_stm32f1xx.o

.debug_macro    0x0000000000000000     0x2d7a
 .debug_macro   0x0000000000000000      0x2c9 obj/bsp_led.o
 .debug_macro   0x00000000000002c9      0x2c9 obj/bsp_uart.o
 .debug_macro   0x0000000000000592       0x52 obj/kservice.o
 .debug_macro   0x00000000000005e4      0x2e6 obj/main.o
 .debug_macro   0x00000000000008ca      0x184 obj/rt_vsnprintf.o
 .debug_macro   0x0000000000000a4e       0x22 obj/rt_vsnprintf.o
 .debug_macro   0x0000000000000a70       0x58 obj/rt_vsnprintf.o
 .debug_macro   0x0000000000000ac8      0x201 obj/rt_vsnprintf.o
 .debug_macro   0x0000000000000cc9      0x2cb obj/stm32f1xx_hal.o
 .debug_macro   0x0000000000000f94      0x2a7 obj/stm32f1xx_hal_cortex.o
 .debug_macro   0x000000000000123b      0x2a7 obj/stm32f1xx_hal_dma.o
 .debug_macro   0x00000000000014e2      0x312 obj/stm32f1xx_hal_gpio.o
 .debug_macro   0x00000000000017f4      0x2bf obj/stm32f1xx_hal_msp.o
 .debug_macro   0x0000000000001ab3      0x2b9 obj/stm32f1xx_hal_rcc.o
 .debug_macro   0x0000000000001d6c      0x2a8 obj/stm32f1xx_hal_tim.o
 .debug_macro   0x0000000000002014      0x2a7 obj/stm32f1xx_hal_tim_ex.o
 .debug_macro   0x00000000000022bb      0x2a7 obj/stm32f1xx_hal_timebase_tim.o
 .debug_macro   0x0000000000002562      0x2a8 obj/stm32f1xx_hal_uart.o
 .debug_macro   0x000000000000280a      0x2c9 obj/stm32f1xx_it.o
 .debug_macro   0x0000000000002ad3      0x2a7 obj/system_stm32f1xx.o

.debug_line     0x0000000000000000    0x15ebe
 .debug_line    0x0000000000000000      0x78b obj/bsp_led.o
 .debug_line    0x000000000000078b      0x90a obj/bsp_uart.o
 .debug_line    0x0000000000001095     0x100b obj/kservice.o
 .debug_line    0x00000000000020a0      0x8f7 obj/main.o
 .debug_line    0x0000000000002997     0x182c obj/rt_vsnprintf.o
 .debug_line    0x00000000000041c3       0x7a obj/startup_stm32f100xb.o
 .debug_line    0x000000000000423d      0x9c8 obj/stm32f1xx_hal.o
 .debug_line    0x0000000000004c05      0xbb0 obj/stm32f1xx_hal_cortex.o
 .debug_line    0x00000000000057b5     0x1177 obj/stm32f1xx_hal_dma.o
 .debug_line    0x000000000000692c      0xac6 obj/stm32f1xx_hal_gpio.o
 .debug_line    0x00000000000073f2      0x6d8 obj/stm32f1xx_hal_msp.o
 .debug_line    0x0000000000007aca     0x1167 obj/stm32f1xx_hal_rcc.o
 .debug_line    0x0000000000008c31     0x556d obj/stm32f1xx_hal_tim.o
 .debug_line    0x000000000000e19e     0x1eef obj/stm32f1xx_hal_tim_ex.o
 .debug_line    0x000000000001008d      0x78f obj/stm32f1xx_hal_timebase_tim.o
 .debug_line    0x000000000001081c     0x4811 obj/stm32f1xx_hal_uart.o
 .debug_line    0x000000000001502d      0x780 obj/stm32f1xx_it.o
 .debug_line    0x00000000000157ad      0x711 obj/system_stm32f1xx.o

.debug_str      0x0000000000000000    0x5fa22
 .debug_str     0x0000000000000000    0x5b0bf obj/bsp_led.o
                                      0x5b382 (size before relaxing)
 .debug_str     0x000000000005b0bf      0x714 obj/bsp_uart.o
                                      0x5ba83 (size before relaxing)
 .debug_str     0x000000000005b7d3      0x2ac obj/kservice.o
                                       0x349a (size before relaxing)
 .debug_str     0x000000000005ba7f      0x51a obj/main.o
                                      0x5ba1c (size before relaxing)
 .debug_str     0x000000000005bf99     0x10a8 obj/rt_vsnprintf.o
                                       0x5560 (size before relaxing)
 .debug_str     0x000000000005d041       0x2a obj/startup_stm32f100xb.o
                                         0x46 (size before relaxing)
 .debug_str     0x000000000005d06b      0x3b1 obj/stm32f1xx_hal.o
                                      0x5b4e3 (size before relaxing)
 .debug_str     0x000000000005d41c      0x2a0 obj/stm32f1xx_hal_cortex.o
                                      0x5b452 (size before relaxing)
 .debug_str     0x000000000005d6bc      0x225 obj/stm32f1xx_hal_dma.o
                                      0x5b19f (size before relaxing)
 .debug_str     0x000000000005d8e1      0x2f9 obj/stm32f1xx_hal_gpio.o
                                      0x5b182 (size before relaxing)
 .debug_str     0x000000000005dbda       0x19 obj/stm32f1xx_hal_msp.o
                                      0x5b2af (size before relaxing)
 .debug_str     0x000000000005dbf3      0x23f obj/stm32f1xx_hal_rcc.o
                                      0x5b20c (size before relaxing)
 .debug_str     0x000000000005de32      0xed8 obj/stm32f1xx_hal_tim.o
                                      0x5c1f1 (size before relaxing)
 .debug_str     0x000000000005ed0a      0x57a obj/stm32f1xx_hal_tim_ex.o
                                      0x5b9e2 (size before relaxing)
 .debug_str     0x000000000005f284       0x5e obj/stm32f1xx_hal_timebase_tim.o
                                      0x5b6b4 (size before relaxing)
 .debug_str     0x000000000005f2e2      0x5fc obj/stm32f1xx_hal_uart.o
                                      0x5b896 (size before relaxing)
 .debug_str     0x000000000005f8de       0xea obj/stm32f1xx_it.o
                                      0x5b9fe (size before relaxing)
 .debug_str     0x000000000005f9c8       0x5a obj/system_stm32f1xx.o
                                      0x5ae22 (size before relaxing)

.comment        0x0000000000000000       0x49
 .comment       0x0000000000000000       0x49 obj/bsp_led.o
                                         0x4a (size before relaxing)
 .comment       0x0000000000000049       0x4a obj/bsp_uart.o
 .comment       0x0000000000000049       0x4a obj/kservice.o
 .comment       0x0000000000000049       0x4a obj/main.o
 .comment       0x0000000000000049       0x4a obj/rt_vsnprintf.o
 .comment       0x0000000000000049       0x4a obj/stm32f1xx_hal.o
 .comment       0x0000000000000049       0x4a obj/stm32f1xx_hal_cortex.o
 .comment       0x0000000000000049       0x4a obj/stm32f1xx_hal_dma.o
 .comment       0x0000000000000049       0x4a obj/stm32f1xx_hal_gpio.o
 .comment       0x0000000000000049       0x4a obj/stm32f1xx_hal_msp.o
 .comment       0x0000000000000049       0x4a obj/stm32f1xx_hal_rcc.o
 .comment       0x0000000000000049       0x4a obj/stm32f1xx_hal_tim.o
 .comment       0x0000000000000049       0x4a obj/stm32f1xx_hal_tim_ex.o
 .comment       0x0000000000000049       0x4a obj/stm32f1xx_hal_timebase_tim.o
 .comment       0x0000000000000049       0x4a obj/stm32f1xx_hal_uart.o
 .comment       0x0000000000000049       0x4a obj/stm32f1xx_it.o
 .comment       0x0000000000000049       0x4a obj/system_stm32f1xx.o

.debug_frame    0x0000000000000000     0x28ec
 .debug_frame   0x0000000000000000       0x94 obj/bsp_led.o
 .debug_frame   0x0000000000000094       0xac obj/bsp_uart.o
 .debug_frame   0x0000000000000140      0x258 obj/kservice.o
 .debug_frame   0x0000000000000398       0x84 obj/main.o
 .debug_frame   0x000000000000041c      0x268 obj/rt_vsnprintf.o
 .debug_frame   0x0000000000000684      0x1d4 obj/stm32f1xx_hal.o
 .debug_frame   0x0000000000000858      0x128 obj/stm32f1xx_hal_cortex.o
 .debug_frame   0x0000000000000980      0x178 obj/stm32f1xx_hal_dma.o
 .debug_frame   0x0000000000000af8       0xec obj/stm32f1xx_hal_gpio.o
 .debug_frame   0x0000000000000be4       0x38 obj/stm32f1xx_hal_msp.o
 .debug_frame   0x0000000000000c1c      0x184 obj/stm32f1xx_hal_rcc.o
 .debug_frame   0x0000000000000da0      0xb24 obj/stm32f1xx_hal_tim.o
 .debug_frame   0x00000000000018c4      0x3f8 obj/stm32f1xx_hal_tim_ex.o
 .debug_frame   0x0000000000001cbc       0x54 obj/stm32f1xx_hal_timebase_tim.o
 .debug_frame   0x0000000000001d10      0x5e0 obj/stm32f1xx_hal_uart.o
 .debug_frame   0x00000000000022f0       0xd0 obj/stm32f1xx_it.o
 .debug_frame   0x00000000000023c0       0x30 obj/system_stm32f1xx.o
 .debug_frame   0x00000000000023f0       0xac /home/pack/gcc-arm-none-eabi-10.3-2021.10/bin/../lib/gcc/arm-none-eabi/10.3.1/thumb/v7-m/nofp/libgcc.a(_arm_addsubdf3.o)
 .debug_frame   0x000000000000249c       0x50 /home/pack/gcc-arm-none-eabi-10.3-2021.10/bin/../lib/gcc/arm-none-eabi/10.3.1/thumb/v7-m/nofp/libgcc.a(_arm_muldivdf3.o)
 .debug_frame   0x00000000000024ec       0xc4 /home/pack/gcc-arm-none-eabi-10.3-2021.10/bin/../lib/gcc/arm-none-eabi/10.3.1/thumb/v7-m/nofp/libgcc.a(_arm_cmpdf2.o)
 .debug_frame   0x00000000000025b0       0x24 /home/pack/gcc-arm-none-eabi-10.3-2021.10/bin/../lib/gcc/arm-none-eabi/10.3.1/thumb/v7-m/nofp/libgcc.a(_arm_fixdfsi.o)
 .debug_frame   0x00000000000025d4       0x44 /home/pack/gcc-arm-none-eabi-10.3-2021.10/bin/../lib/gcc/arm-none-eabi/10.3.1/thumb/v7-m/nofp/libgcc.a(_aeabi_ldivmod.o)
 .debug_frame   0x0000000000002618       0x2c /home/pack/gcc-arm-none-eabi-10.3-2021.10/bin/../lib/gcc/arm-none-eabi/10.3.1/thumb/v7-m/nofp/libgcc.a(_aeabi_uldivmod.o)
 .debug_frame   0x0000000000002644       0x38 /home/pack/gcc-arm-none-eabi-10.3-2021.10/bin/../lib/gcc/arm-none-eabi/10.3.1/thumb/v7-m/nofp/libgcc.a(_fixdfdi.o)
 .debug_frame   0x000000000000267c       0x2c /home/pack/gcc-arm-none-eabi-10.3-2021.10/bin/../lib/gcc/arm-none-eabi/10.3.1/thumb/v7-m/nofp/libgcc.a(_fixunsdfdi.o)
 .debug_frame   0x00000000000026a8       0x34 /home/pack/gcc-arm-none-eabi-10.3-2021.10/bin/../lib/gcc/arm-none-eabi/10.3.1/thumb/v7-m/nofp/libgcc.a(_udivmoddi4.o)
 .debug_frame   0x00000000000026dc       0x24 /home/pack/gcc-arm-none-eabi-10.3-2021.10/bin/../lib/gcc/arm-none-eabi/10.3.1/thumb/v7-m/nofp/libgcc.a(_arm_fixunsdfsi.o)
 .debug_frame   0x0000000000002700       0x2c /home/pack/gcc-arm-none-eabi-10.3-2021.10/bin/../lib/gcc/arm-none-eabi/10.3.1/../../../../arm-none-eabi/lib/thumb/v7-m/nofp/libc.a(lib_a-init.o)
 .debug_frame   0x000000000000272c       0x2c /home/pack/gcc-arm-none-eabi-10.3-2021.10/bin/../lib/gcc/arm-none-eabi/10.3.1/../../../../arm-none-eabi/lib/thumb/v7-m/nofp/libc.a(lib_a-memset.o)
 .debug_frame   0x0000000000002758       0x5c /home/pack/gcc-arm-none-eabi-10.3-2021.10/bin/../lib/gcc/arm-none-eabi/10.3.1/../../../../arm-none-eabi/lib/thumb/v7-m/nofp/libc.a(lib_a-__call_atexit.o)
 .debug_frame   0x00000000000027b4       0x20 /home/pack/gcc-arm-none-eabi-10.3-2021.10/bin/../lib/gcc/arm-none-eabi/10.3.1/../../../../arm-none-eabi/lib/thumb/v7-m/nofp/libc.a(lib_a-atexit.o)
 .debug_frame   0x00000000000027d4       0x34 /home/pack/gcc-arm-none-eabi-10.3-2021.10/bin/../lib/gcc/arm-none-eabi/10.3.1/../../../../arm-none-eabi/lib/thumb/v7-m/nofp/libc.a(lib_a-fini.o)
 .debug_frame   0x0000000000002808       0xb0 /home/pack/gcc-arm-none-eabi-10.3-2021.10/bin/../lib/gcc/arm-none-eabi/10.3.1/../../../../arm-none-eabi/lib/thumb/v7-m/nofp/libc.a(lib_a-lock.o)
 .debug_frame   0x00000000000028b8       0x34 /home/pack/gcc-arm-none-eabi-10.3-2021.10/bin/../lib/gcc/arm-none-eabi/10.3.1/../../../../arm-none-eabi/lib/thumb/v7-m/nofp/libc.a(lib_a-__atexit.o)

.debug_loc      0x0000000000000000    0x13fd7
 .debug_loc     0x0000000000000000       0xb5 obj/bsp_uart.o
 .debug_loc     0x00000000000000b5     0x2191 obj/kservice.o
 .debug_loc     0x0000000000002246       0xd5 obj/main.o
 .debug_loc     0x000000000000231b     0x4201 obj/rt_vsnprintf.o
 .debug_loc     0x000000000000651c      0x168 obj/stm32f1xx_hal.o
 .debug_loc     0x0000000000006684      0x717 obj/stm32f1xx_hal_cortex.o
 .debug_loc     0x0000000000006d9b      0x8ea obj/stm32f1xx_hal_dma.o
 .debug_loc     0x0000000000007685      0x429 obj/stm32f1xx_hal_gpio.o
 .debug_loc     0x0000000000007aae       0x15 obj/stm32f1xx_hal_msp.o
 .debug_loc     0x0000000000007ac3      0x556 obj/stm32f1xx_hal_rcc.o
 .debug_loc     0x0000000000008019     0x5c8b obj/stm32f1xx_hal_tim.o
 .debug_loc     0x000000000000dca4     0x1933 obj/stm32f1xx_hal_tim_ex.o
 .debug_loc     0x000000000000f5d7      0x10e obj/stm32f1xx_hal_timebase_tim.o
 .debug_loc     0x000000000000f6e5     0x47c7 obj/stm32f1xx_hal_uart.o
 .debug_loc     0x0000000000013eac      0x12b obj/system_stm32f1xx.o
