Archive member included to satisfy reference by file (symbol)

/home/pack/gcc-arm-none-eabi-10.3-2021.10/bin/../lib/gcc/arm-none-eabi/10.3.1/thumb/v7-m/nofp/libgcc.a(_arm_muldf3.o)
                              obj/rt_vsnprintf.o (__aeabi_dmul)
/home/pack/gcc-arm-none-eabi-10.3-2021.10/bin/../lib/gcc/arm-none-eabi/10.3.1/thumb/v7-m/nofp/libgcc.a(_arm_addsubdf3.o)
                              obj/rt_vsnprintf.o (__aeabi_dsub)
/home/pack/gcc-arm-none-eabi-10.3-2021.10/bin/../lib/gcc/arm-none-eabi/10.3.1/thumb/v7-m/nofp/libgcc.a(_arm_muldivdf3.o)
                              obj/rt_vsnprintf.o (__aeabi_ddiv)
/home/pack/gcc-arm-none-eabi-10.3-2021.10/bin/../lib/gcc/arm-none-eabi/10.3.1/thumb/v7-m/nofp/libgcc.a(_arm_cmpdf2.o)
                              obj/rt_vsnprintf.o (__aeabi_dcmpeq)
/home/pack/gcc-arm-none-eabi-10.3-2021.10/bin/../lib/gcc/arm-none-eabi/10.3.1/thumb/v7-m/nofp/libgcc.a(_arm_fixdfsi.o)
                              obj/rt_vsnprintf.o (__aeabi_d2iz)
/home/pack/gcc-arm-none-eabi-10.3-2021.10/bin/../lib/gcc/arm-none-eabi/10.3.1/thumb/v7-m/nofp/libgcc.a(_aeabi_ldivmod.o)
                              obj/rt_vsnprintf.o (__aeabi_ldivmod)
/home/pack/gcc-arm-none-eabi-10.3-2021.10/bin/../lib/gcc/arm-none-eabi/10.3.1/thumb/v7-m/nofp/libgcc.a(_aeabi_uldivmod.o)
                              obj/kservice.o (__aeabi_uldivmod)
/home/pack/gcc-arm-none-eabi-10.3-2021.10/bin/../lib/gcc/arm-none-eabi/10.3.1/thumb/v7-m/nofp/libgcc.a(_fixdfdi.o)
                              obj/rt_vsnprintf.o (__aeabi_d2lz)
/home/pack/gcc-arm-none-eabi-10.3-2021.10/bin/../lib/gcc/arm-none-eabi/10.3.1/thumb/v7-m/nofp/libgcc.a(_fixunsdfdi.o)
                              /home/pack/gcc-arm-none-eabi-10.3-2021.10/bin/../lib/gcc/arm-none-eabi/10.3.1/thumb/v7-m/nofp/libgcc.a(_fixdfdi.o) (__aeabi_d2ulz)
/home/pack/gcc-arm-none-eabi-10.3-2021.10/bin/../lib/gcc/arm-none-eabi/10.3.1/thumb/v7-m/nofp/libgcc.a(_udivmoddi4.o)
                              /home/pack/gcc-arm-none-eabi-10.3-2021.10/bin/../lib/gcc/arm-none-eabi/10.3.1/thumb/v7-m/nofp/libgcc.a(_aeabi_ldivmod.o) (__udivmoddi4)
/home/pack/gcc-arm-none-eabi-10.3-2021.10/bin/../lib/gcc/arm-none-eabi/10.3.1/thumb/v7-m/nofp/libgcc.a(_dvmd_tls.o)
                              /home/pack/gcc-arm-none-eabi-10.3-2021.10/bin/../lib/gcc/arm-none-eabi/10.3.1/thumb/v7-m/nofp/libgcc.a(_aeabi_ldivmod.o) (__aeabi_ldiv0)
/home/pack/gcc-arm-none-eabi-10.3-2021.10/bin/../lib/gcc/arm-none-eabi/10.3.1/thumb/v7-m/nofp/libgcc.a(_arm_fixunsdfsi.o)
                              /home/pack/gcc-arm-none-eabi-10.3-2021.10/bin/../lib/gcc/arm-none-eabi/10.3.1/thumb/v7-m/nofp/libgcc.a(_fixunsdfdi.o) (__aeabi_d2uiz)
/home/pack/gcc-arm-none-eabi-10.3-2021.10/bin/../lib/gcc/arm-none-eabi/10.3.1/../../../../arm-none-eabi/lib/thumb/v7-m/nofp/libc.a(lib_a-exit.o)
                              /home/pack/gcc-arm-none-eabi-10.3-2021.10/bin/../lib/gcc/arm-none-eabi/10.3.1/../../../../arm-none-eabi/lib/thumb/v7-m/nofp/crt0.o (exit)
/home/pack/gcc-arm-none-eabi-10.3-2021.10/bin/../lib/gcc/arm-none-eabi/10.3.1/../../../../arm-none-eabi/lib/thumb/v7-m/nofp/libc.a(lib_a-impure.o)
                              /home/pack/gcc-arm-none-eabi-10.3-2021.10/bin/../lib/gcc/arm-none-eabi/10.3.1/../../../../arm-none-eabi/lib/thumb/v7-m/nofp/libc.a(lib_a-exit.o) (_global_impure_ptr)
/home/pack/gcc-arm-none-eabi-10.3-2021.10/bin/../lib/gcc/arm-none-eabi/10.3.1/../../../../arm-none-eabi/lib/thumb/v7-m/nofp/libc.a(lib_a-init.o)
                              /home/pack/gcc-arm-none-eabi-10.3-2021.10/bin/../lib/gcc/arm-none-eabi/10.3.1/../../../../arm-none-eabi/lib/thumb/v7-m/nofp/crt0.o (__libc_init_array)
/home/pack/gcc-arm-none-eabi-10.3-2021.10/bin/../lib/gcc/arm-none-eabi/10.3.1/../../../../arm-none-eabi/lib/thumb/v7-m/nofp/libc.a(lib_a-memset.o)
                              /home/pack/gcc-arm-none-eabi-10.3-2021.10/bin/../lib/gcc/arm-none-eabi/10.3.1/../../../../arm-none-eabi/lib/thumb/v7-m/nofp/crt0.o (memset)
/home/pack/gcc-arm-none-eabi-10.3-2021.10/bin/../lib/gcc/arm-none-eabi/10.3.1/../../../../arm-none-eabi/lib/thumb/v7-m/nofp/libc.a(lib_a-__call_atexit.o)
                              /home/pack/gcc-arm-none-eabi-10.3-2021.10/bin/../lib/gcc/arm-none-eabi/10.3.1/../../../../arm-none-eabi/lib/thumb/v7-m/nofp/libc.a(lib_a-exit.o) (__call_exitprocs)
/home/pack/gcc-arm-none-eabi-10.3-2021.10/bin/../lib/gcc/arm-none-eabi/10.3.1/../../../../arm-none-eabi/lib/thumb/v7-m/nofp/libc.a(lib_a-atexit.o)
                              /home/pack/gcc-arm-none-eabi-10.3-2021.10/bin/../lib/gcc/arm-none-eabi/10.3.1/../../../../arm-none-eabi/lib/thumb/v7-m/nofp/libc.a(lib_a-__call_atexit.o) (atexit)
/home/pack/gcc-arm-none-eabi-10.3-2021.10/bin/../lib/gcc/arm-none-eabi/10.3.1/../../../../arm-none-eabi/lib/thumb/v7-m/nofp/libc.a(lib_a-fini.o)
[...]
Memory Configuration

Name             Origin             Length             Attributes
FLASH            0x0000000008000000 0x0000000000010000 xr
RAM              0x0000000020000000 0x0000000000002000 xrw
*default*        0x0000000000000000 0xffffffffffffffff

Linker script and memory map

LOAD /home/pack/gcc-arm-none-eabi-10.3-2021.10/bin/../lib/gcc/arm-none-eabi/10.3.1/thumb/v7-m/nofp/crti.o
LOAD /home/pack/gcc-arm-none-eabi-10.3-2021.10/bin/../lib/gcc/arm-none-eabi/10.3.1/thumb/v7-m/nofp/crtbegin.o
LOAD /home/pack/gcc-arm-none-eabi-10.3-2021.10/bin/../lib/gcc/arm-none-eabi/10.3.1/../../../../arm-none-eabi/lib/thumb/v7-m/nofp/crt0.o
LOAD obj/startup_stm32f100xb.o
LOAD obj/system_stm32f1xx.o
LOAD obj/stm32f1xx_hal_adc.o
LOAD obj/stm32f1xx_hal_adc_ex.o
LOAD obj/stm32f1xx_hal.o
LOAD obj/stm32f1xx_hal_can.o
LOAD obj/stm32f1xx_hal_cec.o
LOAD obj/stm32f1xx_hal_cortex.o
LOAD obj/stm32f1xx_hal_crc.o
LOAD obj/stm32f1xx_hal_dac.o
LOAD obj/stm32f1xx_hal_dac_ex.o
LOAD obj/stm32f1xx_hal_dma.o
LOAD obj/stm32f1xx_hal_eth.o
LOAD obj/stm32f1xx_hal_exti.o
LOAD obj/stm32f1xx_hal_flash.o
LOAD obj/stm32f1xx_hal_flash_ex.o
LOAD obj/stm32f1xx_hal_gpio.o
LOAD obj/stm32f1xx_hal_gpio_ex.o
LOAD obj/stm32f1xx_hal_hcd.o
LOAD obj/stm32f1xx_hal_i2c.o
LOAD obj/stm32f1xx_hal_i2s.o
LOAD obj/stm32f1xx_hal_irda.o
LOAD obj/stm32f1xx_hal_iwdg.o
LOAD obj/stm32f1xx_hal_mmc.o
LOAD obj/stm32f1xx_hal_nand.o
LOAD obj/stm32f1xx_hal_nor.o
LOAD obj/stm32f1xx_hal_pccard.o
LOAD obj/stm32f1xx_hal_pcd.o
LOAD obj/stm32f1xx_hal_pcd_ex.o
LOAD obj/stm32f1xx_hal_pwr.o
LOAD obj/stm32f1xx_hal_rcc.o
LOAD obj/stm32f1xx_hal_rcc_ex.o
LOAD obj/stm32f1xx_hal_rtc.o
LOAD obj/stm32f1xx_hal_rtc_ex.o
LOAD obj/stm32f1xx_hal_sd.o
LOAD obj/stm32f1xx_hal_smartcard.o
LOAD obj/stm32f1xx_hal_spi.o
LOAD obj/stm32f1xx_hal_sram.o
LOAD obj/stm32f1xx_hal_tim.o
LOAD obj/stm32f1xx_hal_tim_ex.o
LOAD obj/stm32f1xx_hal_uart.o
LOAD obj/stm32f1xx_hal_usart.o
LOAD obj/stm32f1xx_hal_wwdg.o
LOAD obj/stm32f1xx_ll_adc.o
LOAD obj/stm32f1xx_ll_crc.o
LOAD obj/stm32f1xx_ll_dac.o
LOAD obj/stm32f1xx_ll_dma.o
LOAD obj/stm32f1xx_ll_exti.o
LOAD obj/stm32f1xx_ll_fsmc.o
LOAD obj/stm32f1xx_ll_gpio.o
LOAD obj/stm32f1xx_ll_i2c.o
LOAD obj/stm32f1xx_ll_pwr.o
LOAD obj/stm32f1xx_ll_rcc.o
LOAD obj/stm32f1xx_ll_rtc.o
LOAD obj/stm32f1xx_ll_sdmmc.o
LOAD obj/stm32f1xx_ll_spi.o
LOAD obj/stm32f1xx_ll_tim.o
LOAD obj/stm32f1xx_ll_usart.o
LOAD obj/stm32f1xx_ll_usb.o
LOAD obj/stm32f1xx_ll_utils.o
LOAD obj/main.o
LOAD obj/stm32f1xx_hal_msp.o
LOAD obj/stm32f1xx_hal_timebase_tim.o
LOAD obj/stm32f1xx_it.o
LOAD obj/bsp_key.o
LOAD obj/bsp_led.o
LOAD obj/bsp_uart.o
LOAD obj/kservice.o
LOAD obj/rt_vsnprintf.o
START GROUP
LOAD /home/pack/gcc-arm-none-eabi-10.3-2021.10/bin/../lib/gcc/arm-none-eabi/10.3.1/thumb/v7-m/nofp/libgcc.a
LOAD /home/pack/gcc-arm-none-eabi-10.3-2021.10/bin/../lib/gcc/arm-none-eabi/10.3.1/../../../../arm-none-eabi/lib/thumb/v7-m/nofp/libc.a
END GROUP
START GROUP
LOAD /home/pack/gcc-arm-none-eabi-10.3-2021.10/bin/../lib/gcc/arm-none-eabi/10.3.1/thumb/v7-m/nofp/libgcc.a
LOAD /home/pack/gcc-arm-none-eabi-10.3-2021.10/bin/../lib/gcc/arm-none-eabi/10.3.1/../../../../arm-none-eabi/lib/thumb/v7-m/nofp/libc.a
LOAD /home/pack/gcc-arm-none-eabi-10.3-2021.10/bin/../lib/gcc/arm-none-eabi/10.3.1/../../../../arm-none-eabi/lib/thumb/v7-m/nofp/libnosys.a
END GROUP
LOAD /home/pack/gcc-arm-none-eabi-10.3-2021.10/bin/../lib/gcc/arm-none-eabi/10.3.1/thumb/v7-m/nofp/crtend.o
LOAD /home/pack/gcc-arm-none-eabi-10.3-2021.10/bin/../lib/gcc/arm-none-eabi/10.3.1/thumb/v7-m/nofp/crtn.o
                0x0000000020002000                _estack = 0x20002000
                0x0000000000000200                _Min_Heap_Size = 0x200
                0x0000000000000400                _Min_Stack_Size = 0x400

.isr_vector     0x0000000008000000      0x1d0
                0x0000000008000000                . = ALIGN (0x4)
 *(.isr_vector)
 .isr_vector    0x0000000008000000      0x1d0 obj/startup_stm32f100xb.o
                0x0000000008000000                g_pfnVectors
                0x00000000080001d0                . = ALIGN (0x4)

.text           0x00000000080001d0     0x55c8
                0x00000000080001d0                . = ALIGN (0x4)
 *(.text)
 .text          0x00000000080001d0       0x40 /home/pack/gcc-arm-none-eabi-10.3-2021.10/bin/../lib/gcc/arm-none-eabi/10.3.1/thumb/v7-m/nofp/crtbegin.o
 .text          0x0000000008000210      0x378 /home/pack/gcc-arm-none-eabi-10.3-2021.10/bin/../lib/gcc/arm-none-eabi/10.3.1/thumb/v7-m/nofp/libgcc.a(_arm_addsubdf3.o)
                0x0000000008000210                __aeabi_drsub
                0x0000000008000218                __aeabi_dsub
                0x0000000008000218                __subdf3
                0x000000000800021c                __adddf3
                0x000000000800021c                __aeabi_dadd
                0x0000000008000494                __aeabi_ui2d
                0x0000000008000494                __floatunsidf
                0x00000000080004b4                __floatsidf
                0x00000000080004b4                __aeabi_i2d
                0x00000000080004d8                __extendsfdf2
                0x00000000080004d8                __aeabi_f2d
                0x000000000800051c                __aeabi_ul2d
                0x000000000800051c                __floatundidf
                0x000000000800052c                __floatdidf
                0x000000000800052c                __aeabi_l2d
 .text          0x0000000008000588      0x424 /home/pack/gcc-arm-none-eabi-10.3-2021.10/bin/../lib/gcc/arm-none-eabi/10.3.1/thumb/v7-m/nofp/libgcc.a(_arm_muldivdf3.o)
                0x0000000008000588                __aeabi_dmul
                0x0000000008000588                __muldf3
                0x00000000080007dc                __aeabi_ddiv
                0x00000000080007dc                __divdf3
 .text          0x00000000080009ac      0x110 /home/pack/gcc-arm-none-eabi-10.3-2021.10/bin/../lib/gcc/arm-none-eabi/10.3.1/thumb/v7-m/nofp/libgcc.a(_arm_cmpdf2.o)
                0x00000000080009ac                __gtdf2
                0x00000000080009ac                __gedf2
                0x00000000080009b4                __ltdf2
                0x00000000080009b4                __ledf2
                0x00000000080009bc                __cmpdf2
                0x00000000080009bc                __eqdf2
                0x00000000080009bc                __nedf2
                0x0000000008000a38                __aeabi_cdrcmple
                0x0000000008000a48                __aeabi_cdcmple
                0x0000000008000a48                __aeabi_cdcmpeq
                0x0000000008000a58                __aeabi_dcmpeq
                0x0000000008000a6c                __aeabi_dcmplt
                0x0000000008000a80                __aeabi_dcmple
                0x0000000008000a94                __aeabi_dcmpge
                0x0000000008000aa8                __aeabi_dcmpgt
 .text          0x0000000008000abc       0x50 /home/pack/gcc-arm-none-eabi-10.3-2021.10/bin/../lib/gcc/arm-none-eabi/10.3.1/thumb/v7-m/nofp/libgcc.a(_arm_fixdfsi.o)
                0x0000000008000abc                __fixdfsi
                0x0000000008000abc                __aeabi_d2iz
 .text          0x0000000008000b0c       0xa0 /home/pack/gcc-arm-none-eabi-10.3-2021.10/bin/../lib/gcc/arm-none-eabi/10.3.1/thumb/v7-m/nofp/libgcc.a(_aeabi_ldivmod.o)
                0x0000000008000b0c                __aeabi_ldivmod
 .text          0x0000000008000bac       0x30 /home/pack/gcc-arm-none-eabi-10.3-2021.10/bin/../lib/gcc/arm-none-eabi/10.3.1/thumb/v7-m/nofp/libgcc.a(_aeabi_uldivmod.o)
                0x0000000008000bac                __aeabi_uldivmod
 .text          0x0000000008000bdc       0x34 /home/pack/gcc-arm-none-eabi-10.3-2021.10/bin/../lib/gcc/arm-none-eabi/10.3.1/thumb/v7-m/nofp/libgcc.a(_fixdfdi.o)
                0x0000000008000bdc                __aeabi_d2lz
                0x0000000008000bdc                __fixdfdi
 .text          0x0000000008000c10       0x3c /home/pack/gcc-arm-none-eabi-10.3-2021.10/bin/../lib/gcc/arm-none-eabi/10.3.1/thumb/v7-m/nofp/libgcc.a(_fixunsdfdi.o)
                0x0000000008000c10                __aeabi_d2ulz
                0x0000000008000c10                __fixunsdfdi
 .text          0x0000000008000c4c      0x2d4 /home/pack/gcc-arm-none-eabi-10.3-2021.10/bin/../lib/gcc/arm-none-eabi/10.3.1/thumb/v7-m/nofp/libgcc.a(_udivmoddi4.o)
                0x0000000008000c4c                __udivmoddi4
 .text          0x0000000008000f20        0x4 /home/pack/gcc-arm-none-eabi-10.3-2021.10/bin/../lib/gcc/arm-none-eabi/10.3.1/thumb/v7-m/nofp/libgcc.a(_dvmd_tls.o)
                0x0000000008000f20                __aeabi_ldiv0
                0x0000000008000f20                __aeabi_idiv0
 .text          0x0000000008000f24       0x40 /home/pack/gcc-arm-none-eabi-10.3-2021.10/bin/../lib/gcc/arm-none-eabi/10.3.1/thumb/v7-m/nofp/libgcc.a(_arm_fixunsdfsi.o)
                0x0000000008000f24                __fixunsdfsi
                0x0000000008000f24                __aeabi_d2uiz
 *(.text*)
 .text.Reset_Handler
                0x0000000008000f64       0x48 obj/startup_stm32f100xb.o
                0x0000000008000f64                Reset_Handler
 .text.Default_Handler
                0x0000000008000fac        0x2 obj/startup_stm32f100xb.o
                0x0000000008000fac                RTC_Alarm_IRQHandler
                0x0000000008000fac                EXTI2_IRQHandler
                0x0000000008000fac                TIM1_CC_IRQHandler
                0x0000000008000fac                PVD_IRQHandler
                0x0000000008000fac                EXTI3_IRQHandler
                0x0000000008000fac                EXTI0_IRQHandler
                0x0000000008000fac                TIM1_UP_TIM16_IRQHandler
                0x0000000008000fac                SPI1_IRQHandler
                0x0000000008000fac                TAMPER_IRQHandler
                0x0000000008000fac                TIM6_DAC_IRQHandler
                0x0000000008000fac                DMA1_Channel4_IRQHandler
                0x0000000008000fac                ADC1_IRQHandler
                0x0000000008000fac                USART3_IRQHandler
                0x0000000008000fac                RTC_IRQHandler
                0x0000000008000fac                DMA1_Channel7_IRQHandler
                0x0000000008000fac                TIM4_IRQHandler
                0x0000000008000fac                I2C1_EV_IRQHandler
                0x0000000008000fac                DMA1_Channel6_IRQHandler
                0x0000000008000fac                TIM3_IRQHandler
                0x0000000008000fac                RCC_IRQHandler
                0x0000000008000fac                DMA1_Channel1_IRQHandler
                0x0000000008000fac                Default_Handler
                0x0000000008000fac                CEC_IRQHandler
                0x0000000008000fac                EXTI15_10_IRQHandler
                0x0000000008000fac                EXTI9_5_IRQHandler
                0x0000000008000fac                SPI2_IRQHandler
                0x0000000008000fac                DMA1_Channel5_IRQHandler
                0x0000000008000fac                EXTI4_IRQHandler
                0x0000000008000fac                TIM1_TRG_COM_TIM17_IRQHandler
                0x0000000008000fac                DMA1_Channel3_IRQHandler
                0x0000000008000fac                WWDG_IRQHandler
                0x0000000008000fac                TIM2_IRQHandler
                0x0000000008000fac                EXTI1_IRQHandler
                0x0000000008000fac                USART2_IRQHandler
                0x0000000008000fac                DMA1_Channel2_IRQHandler
                0x0000000008000fac                FLASH_IRQHandler
                0x0000000008000fac                I2C1_ER_IRQHandler
                0x0000000008000fac                TIM1_BRK_TIM15_IRQHandler
 .text.SystemInit
                0x0000000008000fae        0xc obj/system_stm32f1xx.o
                0x0000000008000fae                SystemInit
 .text.HAL_Init
                0x0000000008000fba       0x1a obj/stm32f1xx_hal.o
                0x0000000008000fba                HAL_Init
 .text.HAL_IncTick
                0x0000000008000fd4       0x24 obj/stm32f1xx_hal.o
                0x0000000008000fd4                HAL_IncTick
 .text.HAL_GetTick
                0x0000000008000ff8       0x14 obj/stm32f1xx_hal.o
                0x0000000008000ff8                HAL_GetTick
 .text.__NVIC_SetPriorityGrouping
                0x000000000800100c       0x48 obj/stm32f1xx_hal_cortex.o
 .text.__NVIC_GetPriorityGrouping
                0x0000000008001054       0x1c obj/stm32f1xx_hal_cortex.o
 .text.__NVIC_EnableIRQ
                0x0000000008001070       0x38 obj/stm32f1xx_hal_cortex.o
 .text.__NVIC_SetPriority
                0x00000000080010a8       0x54 obj/stm32f1xx_hal_cortex.o
 .text.NVIC_EncodePriority
                0x00000000080010fc       0x64 obj/stm32f1xx_hal_cortex.o
 .text.HAL_NVIC_SetPriorityGrouping
                0x0000000008001160       0x16 obj/stm32f1xx_hal_cortex.o
                0x0000000008001160                HAL_NVIC_SetPriorityGrouping
 .text.HAL_NVIC_SetPriority
                0x0000000008001176       0x38 obj/stm32f1xx_hal_cortex.o
                0x0000000008001176                HAL_NVIC_SetPriority
 .text.HAL_NVIC_EnableIRQ
                0x00000000080011ae       0x1c obj/stm32f1xx_hal_cortex.o
                0x00000000080011ae                HAL_NVIC_EnableIRQ
 .text.HAL_DMA_Abort
                0x00000000080011ca       0x76 obj/stm32f1xx_hal_dma.o
                0x00000000080011ca                HAL_DMA_Abort
 .text.HAL_DMA_Abort_IT
                0x0000000008001240       0xf0 obj/stm32f1xx_hal_dma.o
                0x0000000008001240                HAL_DMA_Abort_IT
 .text.HAL_GPIO_Init
                0x0000000008001330      0x308 obj/stm32f1xx_hal_gpio.o
                0x0000000008001330                HAL_GPIO_Init
 .text.HAL_GPIO_WritePin
                0x0000000008001638       0x30 obj/stm32f1xx_hal_gpio.o
                0x0000000008001638                HAL_GPIO_WritePin
 .text.HAL_GPIO_TogglePin
                0x0000000008001668       0x32 obj/stm32f1xx_hal_gpio.o
                0x0000000008001668                HAL_GPIO_TogglePin
 *fill*         0x000000000800169a        0x2 
 .text.HAL_RCC_OscConfig
                0x000000000800169c      0x504 obj/stm32f1xx_hal_rcc.o
                0x000000000800169c                HAL_RCC_OscConfig
 .text.HAL_RCC_ClockConfig
                0x0000000008001ba0      0x170 obj/stm32f1xx_hal_rcc.o
                0x0000000008001ba0                HAL_RCC_ClockConfig
 .text.HAL_RCC_GetSysClockFreq
                0x0000000008001d10       0xa4 obj/stm32f1xx_hal_rcc.o
                0x0000000008001d10                HAL_RCC_GetSysClockFreq
 .text.HAL_RCC_GetHCLKFreq
                0x0000000008001db4       0x14 obj/stm32f1xx_hal_rcc.o
                0x0000000008001db4                HAL_RCC_GetHCLKFreq
 .text.HAL_RCC_GetPCLK1Freq
                0x0000000008001dc8       0x28 obj/stm32f1xx_hal_rcc.o
                0x0000000008001dc8                HAL_RCC_GetPCLK1Freq
 .text.HAL_RCC_GetPCLK2Freq
                0x0000000008001df0       0x28 obj/stm32f1xx_hal_rcc.o
                0x0000000008001df0                HAL_RCC_GetPCLK2Freq
 .text.HAL_RCC_GetClockConfig
                0x0000000008001e18       0x58 obj/stm32f1xx_hal_rcc.o
                0x0000000008001e18                HAL_RCC_GetClockConfig
 .text.RCC_Delay
                0x0000000008001e70       0x3c obj/stm32f1xx_hal_rcc.o
 .text.HAL_TIM_Base_Init
                0x0000000008001eac       0x9e obj/stm32f1xx_hal_tim.o
                0x0000000008001eac                HAL_TIM_Base_Init
 .text.HAL_TIM_Base_MspInit
                0x0000000008001f4a       0x12 obj/stm32f1xx_hal_tim.o
                0x0000000008001f4a                HAL_TIM_Base_MspInit
 .text.HAL_TIM_Base_Start_IT
                0x0000000008001f5c       0xb4 obj/stm32f1xx_hal_tim.o
                0x0000000008001f5c                HAL_TIM_Base_Start_IT
 .text.HAL_TIM_IRQHandler
                0x0000000008002010      0x1e0 obj/stm32f1xx_hal_tim.o
                0x0000000008002010                HAL_TIM_IRQHandler
 .text.HAL_TIM_OC_DelayElapsedCallback
                0x00000000080021f0       0x12 obj/stm32f1xx_hal_tim.o
                0x00000000080021f0                HAL_TIM_OC_DelayElapsedCallback
 .text.HAL_TIM_IC_CaptureCallback
                0x0000000008002202       0x12 obj/stm32f1xx_hal_tim.o
                0x0000000008002202                HAL_TIM_IC_CaptureCallback
 .text.HAL_TIM_PWM_PulseFinishedCallback
                0x0000000008002214       0x12 obj/stm32f1xx_hal_tim.o
                0x0000000008002214                HAL_TIM_PWM_PulseFinishedCallback
 .text.HAL_TIM_TriggerCallback
                0x0000000008002226       0x12 obj/stm32f1xx_hal_tim.o
                0x0000000008002226                HAL_TIM_TriggerCallback
 .text.TIM_Base_SetConfig
                0x0000000008002238      0x10c obj/stm32f1xx_hal_tim.o
                0x0000000008002238                TIM_Base_SetConfig
 .text.HAL_TIMEx_CommutCallback
                0x0000000008002344       0x12 obj/stm32f1xx_hal_tim_ex.o
                0x0000000008002344                HAL_TIMEx_CommutCallback
 .text.HAL_TIMEx_BreakCallback
                0x0000000008002356       0x12 obj/stm32f1xx_hal_tim_ex.o
                0x0000000008002356                HAL_TIMEx_BreakCallback
 .text.HAL_UART_Init
                0x0000000008002368       0xa0 obj/stm32f1xx_hal_uart.o
                0x0000000008002368                HAL_UART_Init
 .text.HAL_UART_IRQHandler
                0x0000000008002408      0x550 obj/stm32f1xx_hal_uart.o
                0x0000000008002408                HAL_UART_IRQHandler
 .text.HAL_UART_TxCpltCallback
                0x0000000008002958       0x12 obj/stm32f1xx_hal_uart.o
                0x0000000008002958                HAL_UART_TxCpltCallback
 .text.HAL_UART_RxCpltCallback
                0x000000000800296a       0x12 obj/stm32f1xx_hal_uart.o
                0x000000000800296a                HAL_UART_RxCpltCallback
 .text.HAL_UART_ErrorCallback
                0x000000000800297c       0x12 obj/stm32f1xx_hal_uart.o
                0x000000000800297c                HAL_UART_ErrorCallback
 .text.HAL_UARTEx_RxEventCallback
                0x000000000800298e       0x16 obj/stm32f1xx_hal_uart.o
                0x000000000800298e                HAL_UARTEx_RxEventCallback
 .text.UART_EndRxTransfer
                0x00000000080029a4       0xc4 obj/stm32f1xx_hal_uart.o
 .text.UART_DMAAbortOnError
                0x0000000008002a68       0x22 obj/stm32f1xx_hal_uart.o
 .text.UART_Transmit_IT
                0x0000000008002a8a       0x9e obj/stm32f1xx_hal_uart.o
 .text.UART_EndTransmit_IT
                0x0000000008002b28       0x30 obj/stm32f1xx_hal_uart.o
 .text.UART_Receive_IT
                0x0000000008002b58      0x17c obj/stm32f1xx_hal_uart.o
 .text.UART_SetConfig
                0x0000000008002cd4      0x1c8 obj/stm32f1xx_hal_uart.o
 .text.main     0x0000000008002e9c       0x38 obj/main.o
                0x0000000008002e9c                main
 .text.SystemClock_Config
                0x0000000008002ed4       0x80 obj/main.o
                0x0000000008002ed4                SystemClock_Config
 .text.Error_Handler
                0x0000000008002f54        0xa obj/main.o
                0x0000000008002f54                Error_Handler
 *fill*         0x0000000008002f5e        0x2 
 .text.HAL_TIM_PeriodElapsedCallback
                0x0000000008002f60       0x24 obj/main.o
                0x0000000008002f60                HAL_TIM_PeriodElapsedCallback
 .text.HAL_Delay
                0x0000000008002f84       0x48 obj/main.o
                0x0000000008002f84                HAL_Delay
 .text.HAL_MspInit
                0x0000000008002fcc       0x64 obj/stm32f1xx_hal_msp.o
                0x0000000008002fcc                HAL_MspInit
 .text.HAL_InitTick
                0x0000000008003030       0xfc obj/stm32f1xx_hal_timebase_tim.o
                0x0000000008003030                HAL_InitTick
 .text.NMI_Handler
                0x000000000800312c        0xc obj/stm32f1xx_it.o
                0x000000000800312c                NMI_Handler
 .text.HardFault_Handler
                0x0000000008003138        0x6 obj/stm32f1xx_it.o
                0x0000000008003138                HardFault_Handler
 .text.MemManage_Handler
                0x000000000800313e        0x6 obj/stm32f1xx_it.o
                0x000000000800313e                MemManage_Handler
 .text.BusFault_Handler
                0x0000000008003144        0x6 obj/stm32f1xx_it.o
                0x0000000008003144                BusFault_Handler
 .text.UsageFault_Handler
                0x000000000800314a        0x6 obj/stm32f1xx_it.o
                0x000000000800314a                UsageFault_Handler
 .text.SVC_Handler
                0x0000000008003150        0xc obj/stm32f1xx_it.o
                0x0000000008003150                SVC_Handler
 .text.DebugMon_Handler
                0x000000000800315c        0xc obj/stm32f1xx_it.o
                0x000000000800315c                DebugMon_Handler
 .text.PendSV_Handler
                0x0000000008003168        0xc obj/stm32f1xx_it.o
                0x0000000008003168                PendSV_Handler
 .text.SysTick_Handler
                0x0000000008003174        0xc obj/stm32f1xx_it.o
                0x0000000008003174                SysTick_Handler
 .text.USART1_IRQHandler
                0x0000000008003180       0x14 obj/stm32f1xx_it.o
                0x0000000008003180                USART1_IRQHandler
 .text.TIM7_IRQHandler
                0x0000000008003194       0x14 obj/stm32f1xx_it.o
                0x0000000008003194                TIM7_IRQHandler
 .text.GPIO_LED_Init
                0x00000000080031a8       0x80 obj/bsp_led.o
                0x00000000080031a8                GPIO_LED_Init
 .text.USER_LED1_On
                0x0000000008003228       0x18 obj/bsp_led.o
                0x0000000008003228                USER_LED1_On
 .text.USER_LED1_Toggle
                0x0000000008003240       0x18 obj/bsp_led.o
                0x0000000008003240                USER_LED1_Toggle
 .text.USER_LED2_On
                0x0000000008003258       0x18 obj/bsp_led.o
                0x0000000008003258                USER_LED2_On
 .text.USER_LED2_Toggle
                0x0000000008003270       0x18 obj/bsp_led.o
                0x0000000008003270                USER_LED2_Toggle
 .text.MX_USART1_UART_Init
                0x0000000008003288       0x54 obj/bsp_uart.o
                0x0000000008003288                MX_USART1_UART_Init
 .text.HAL_UART_MspInit
                0x00000000080032dc       0xa8 obj/bsp_uart.o
                0x00000000080032dc                HAL_UART_MspInit
 .text.myputchar
                0x0000000008003384       0x30 obj/bsp_uart.o
 .text.myputstr
                0x00000000080033b4       0x2c obj/bsp_uart.o
                0x00000000080033b4                myputstr
 .text.rt_hw_console_output
                0x00000000080033e0       0x16 obj/kservice.o
                0x00000000080033e0                rt_hw_console_output
 *fill*         0x00000000080033f6        0x2 
 .text.rt_kprintf
                0x00000000080033f8       0x48 obj/kservice.o
                0x00000000080033f8                rt_kprintf
 .text.get_bit_access
                0x0000000008003440       0x28 obj/rt_vsnprintf.o
 .text.get_sign
                0x0000000008003468       0x32 obj/rt_vsnprintf.o
 .text.get_exp2
                0x000000000800349a       0x2e obj/rt_vsnprintf.o
 .text.out_buffer
                0x00000000080034c8       0x2c obj/rt_vsnprintf.o
 .text.out_discard
                0x00000000080034f4       0x1a obj/rt_vsnprintf.o
 .text.strnlen_s_
                0x000000000800350e       0x38 obj/rt_vsnprintf.o
 .text.is_digit_
                0x0000000008003546       0x2c obj/rt_vsnprintf.o
 .text.atoi_    0x0000000008003572       0x48 obj/rt_vsnprintf.o
 .text.out_rev_
                0x00000000080035ba       0xa0 obj/rt_vsnprintf.o
 .text.print_integer_finalization
                0x000000000800365a      0x1ee obj/rt_vsnprintf.o
 .text.print_integer
                0x0000000008003848      0x110 obj/rt_vsnprintf.o
 .text.get_components
                0x0000000008003958      0x21c obj/rt_vsnprintf.o
 .text.apply_scaling
                0x0000000008003b74       0x4c obj/rt_vsnprintf.o
                0x0000000008003b74                apply_scaling
 .text.unapply_scaling
                0x0000000008003bc0       0x4c obj/rt_vsnprintf.o
                0x0000000008003bc0                unapply_scaling
 .text.update_normalization
                0x0000000008003c0c       0xc8 obj/rt_vsnprintf.o
                0x0000000008003c0c                update_normalization
 .text.get_normalized_components
                0x0000000008003cd4      0x258 obj/rt_vsnprintf.o
 .text.print_broken_up_decimal
                0x0000000008003f2c      0x25c obj/rt_vsnprintf.o
 .text.print_decimal_number
                0x0000000008004188       0x66 obj/rt_vsnprintf.o
 *fill*         0x00000000080041ee        0x2 
 .text.print_exponential_number
                0x00000000080041f0      0x674 obj/rt_vsnprintf.o
 *fill*         0x0000000008004864        0x4 
 .text.print_floating_point
                0x0000000008004868      0x1f4 obj/rt_vsnprintf.o
 .text.__vsnprintf
                0x0000000008004a5c      0xb2c obj/rt_vsnprintf.o
 .text.rt_vsnprintf
                0x0000000008005588       0x2c obj/rt_vsnprintf.o
                0x0000000008005588                rt_vsnprintf
 .text.__libc_init_array
                0x00000000080055b4       0x48 /home/pack/gcc-arm-none-eabi-10.3-2021.10/bin/../lib/gcc/arm-none-eabi/10.3.1/../../../../arm-none-eabi/lib/thumb/v7-m/nofp/libc.a(lib_a-init.o)
                0x00000000080055b4                __libc_init_array
 .text.memset   0x00000000080055fc       0xa4 /home/pack/gcc-arm-none-eabi-10.3-2021.10/bin/../lib/gcc/arm-none-eabi/10.3.1/../../../../arm-none-eabi/lib/thumb/v7-m/nofp/libc.a(lib_a-memset.o)
                0x00000000080055fc                memset
 .text.startup.register_fini
                0x00000000080056a0       0x14 /home/pack/gcc-arm-none-eabi-10.3-2021.10/bin/../lib/gcc/arm-none-eabi/10.3.1/../../../../arm-none-eabi/lib/thumb/v7-m/nofp/libc.a(lib_a-__call_atexit.o)
 .text.atexit   0x00000000080056b4        0xc /home/pack/gcc-arm-none-eabi-10.3-2021.10/bin/../lib/gcc/arm-none-eabi/10.3.1/../../../../arm-none-eabi/lib/thumb/v7-m/nofp/libc.a(lib_a-atexit.o)
                0x00000000080056b4                atexit
 .text.__libc_fini_array
                0x00000000080056c0       0x2c /home/pack/gcc-arm-none-eabi-10.3-2021.10/bin/../lib/gcc/arm-none-eabi/10.3.1/../../../../arm-none-eabi/lib/thumb/v7-m/nofp/libc.a(lib_a-fini.o)
                0x00000000080056c0                __libc_fini_array
 .text.__retarget_lock_acquire_recursive
                0x00000000080056ec        0x4 /home/pack/gcc-arm-none-eabi-10.3-2021.10/bin/../lib/gcc/arm-none-eabi/10.3.1/../../../../arm-none-eabi/lib/thumb/v7-m/nofp/libc.a(lib_a-lock.o)
                0x00000000080056ec                __retarget_lock_acquire_recursive
 .text.__retarget_lock_release_recursive
                0x00000000080056f0        0x4 /home/pack/gcc-arm-none-eabi-10.3-2021.10/bin/../lib/gcc/arm-none-eabi/10.3.1/../../../../arm-none-eabi/lib/thumb/v7-m/nofp/libc.a(lib_a-lock.o)
                0x00000000080056f0                __retarget_lock_release_recursive
 .text.__register_exitproc
                0x00000000080056f4       0x8c /home/pack/gcc-arm-none-eabi-10.3-2021.10/bin/../lib/gcc/arm-none-eabi/10.3.1/../../../../arm-none-eabi/lib/thumb/v7-m/nofp/libc.a(lib_a-__atexit.o)
                0x00000000080056f4                __register_exitproc
 *(.glue_7)
 .glue_7        0x0000000008005780        0x0 linker stubs
 *(.glue_7t)
 .glue_7t       0x0000000008005780        0x0 linker stubs
 *(.eh_frame)
 .eh_frame      0x0000000008005780        0x0 /home/pack/gcc-arm-none-eabi-10.3-2021.10/bin/../lib/gcc/arm-none-eabi/10.3.1/thumb/v7-m/nofp/crtbegin.o
 *(.init)
 .init          0x0000000008005780        0x4 /home/pack/gcc-arm-none-eabi-10.3-2021.10/bin/../lib/gcc/arm-none-eabi/10.3.1/thumb/v7-m/nofp/crti.o
                0x0000000008005780                _init
 .init          0x0000000008005784        0x8 /home/pack/gcc-arm-none-eabi-10.3-2021.10/bin/../lib/gcc/arm-none-eabi/10.3.1/thumb/v7-m/nofp/crtn.o
 *(.fini)
 .fini          0x000000000800578c        0x4 /home/pack/gcc-arm-none-eabi-10.3-2021.10/bin/../lib/gcc/arm-none-eabi/10.3.1/thumb/v7-m/nofp/crti.o
                0x000000000800578c                _fini
 .fini          0x0000000008005790        0x8 /home/pack/gcc-arm-none-eabi-10.3-2021.10/bin/../lib/gcc/arm-none-eabi/10.3.1/thumb/v7-m/nofp/crtn.o
                0x0000000008005798                . = ALIGN (0x4)
                0x0000000008005798                _etext = .

.vfp11_veneer   0x0000000008005798        0x0
 .vfp11_veneer  0x0000000008005798        0x0 linker stubs

.v4_bx          0x0000000008005798        0x0
 .v4_bx         0x0000000008005798        0x0 linker stubs

.iplt           0x0000000008005798        0x0
 .iplt          0x0000000008005798        0x0 /home/pack/gcc-arm-none-eabi-10.3-2021.10/bin/../lib/gcc/arm-none-eabi/10.3.1/thumb/v7-m/nofp/crtbegin.o

.rodata         0x0000000008005798      0x10c
                0x0000000008005798                . = ALIGN (0x4)
 *(.rodata)
 .rodata        0x0000000008005798       0x18 obj/main.o
 .rodata        0x00000000080057b0       0x26 obj/rt_vsnprintf.o
 *(.rodata*)
 *fill*         0x00000000080057d6        0x2 
 .rodata.AHBPrescTable
                0x00000000080057d8       0x10 obj/system_stm32f1xx.o
                0x00000000080057d8                AHBPrescTable
 .rodata.APBPrescTable
                0x00000000080057e8        0x8 obj/system_stm32f1xx.o
                0x00000000080057e8                APBPrescTable
 .rodata.aPLLMULFactorTable.1
                0x00000000080057f0       0x10 obj/stm32f1xx_hal_rcc.o
 .rodata.aPredivFactorTable.0
                0x0000000008005800       0x10 obj/stm32f1xx_hal_rcc.o
 .rodata.powers_of_10
                0x0000000008005810       0x90 obj/rt_vsnprintf.o
 .rodata._global_impure_ptr
                0x00000000080058a0        0x4 /home/pack/gcc-arm-none-eabi-10.3-2021.10/bin/../lib/gcc/arm-none-eabi/10.3.1/../../../../arm-none-eabi/lib/thumb/v7-m/nofp/libc.a(lib_a-impure.o)
                0x00000000080058a0                _global_impure_ptr
                0x00000000080058a4                . = ALIGN (0x4)

.ARM.extab
 *(.ARM.extab* .gnu.linkonce.armextab.*)

.ARM            0x00000000080058a4        0x8
                0x00000000080058a4                __exidx_start = .
 *(.ARM.exidx*)
 .ARM.exidx     0x00000000080058a4        0x8 /home/pack/gcc-arm-none-eabi-10.3-2021.10/bin/../lib/gcc/arm-none-eabi/10.3.1/thumb/v7-m/nofp/libgcc.a(_udivmoddi4.o)
                0x00000000080058ac                __exidx_end = .

.rel.dyn        0x00000000080058ac        0x0
 .rel.iplt      0x00000000080058ac        0x0 /home/pack/gcc-arm-none-eabi-10.3-2021.10/bin/../lib/gcc/arm-none-eabi/10.3.1/thumb/v7-m/nofp/crtbegin.o

.preinit_array  0x00000000080058ac        0x0
                0x00000000080058ac                PROVIDE (__preinit_array_start = .)
 *(.preinit_array*)
                0x00000000080058ac                PROVIDE (__preinit_array_end = .)

.init_array     0x00000000080058ac        0x8
                0x00000000080058ac                PROVIDE (__init_array_start = .)
 *(SORT_BY_NAME(.init_array.*))
 .init_array.00000
                0x00000000080058ac        0x4 /home/pack/gcc-arm-none-eabi-10.3-2021.10/bin/../lib/gcc/arm-none-eabi/10.3.1/../../../../arm-none-eabi/lib/thumb/v7-m/nofp/libc.a(lib_a-__call_atexit.o)
 *(.init_array*)
 .init_array    0x00000000080058b0        0x4 /home/pack/gcc-arm-none-eabi-10.3-2021.10/bin/../lib/gcc/arm-none-eabi/10.3.1/thumb/v7-m/nofp/crtbegin.o
                0x00000000080058b4                PROVIDE (__init_array_end = .)

.fini_array     0x00000000080058b4        0x4
                0x00000000080058b4                PROVIDE (__fini_array_start = .)
 *(SORT_BY_NAME(.fini_array.*))
 *(.fini_array*)
 .fini_array    0x00000000080058b4        0x4 /home/pack/gcc-arm-none-eabi-10.3-2021.10/bin/../lib/gcc/arm-none-eabi/10.3.1/thumb/v7-m/nofp/crtbegin.o
                0x00000000080058b8                PROVIDE (__fini_array_end = .)
                0x00000000080058b8                _sidata = LOADADDR (.data)

.data           0x0000000020000000      0x43c load address 0x00000000080058b8
                0x0000000020000000                . = ALIGN (0x4)
                0x0000000020000000                _sdata = .
 *(.data)
 *(.data*)
 .data.SystemCoreClock
                0x0000000020000000        0x4 obj/system_stm32f1xx.o
                0x0000000020000000                SystemCoreClock
 .data.uwTickPrio
                0x0000000020000004        0x4 obj/stm32f1xx_hal.o
                0x0000000020000004                uwTickPrio
 .data.uwTickFreq
                0x0000000020000008        0x1 obj/stm32f1xx_hal.o
                0x0000000020000008                uwTickFreq
 *fill*         0x0000000020000009        0x7 
 .data.impure_data
                0x0000000020000010      0x428 /home/pack/gcc-arm-none-eabi-10.3-2021.10/bin/../lib/gcc/arm-none-eabi/10.3.1/../../../../arm-none-eabi/lib/thumb/v7-m/nofp/libc.a(lib_a-impure.o)
 .data.__atexit_recursive_mutex
                0x0000000020000438        0x4 /home/pack/gcc-arm-none-eabi-10.3-2021.10/bin/../lib/gcc/arm-none-eabi/10.3.1/../../../../arm-none-eabi/lib/thumb/v7-m/nofp/libc.a(lib_a-__call_atexit.o)
                0x0000000020000438                __atexit_recursive_mutex
                0x000000002000043c                . = ALIGN (0x4)
                0x000000002000043c                _edata = .

.igot.plt       0x000000002000043c        0x0 load address 0x0000000008005cf4
 .igot.plt      0x000000002000043c        0x0 /home/pack/gcc-arm-none-eabi-10.3-2021.10/bin/../lib/gcc/arm-none-eabi/10.3.1/thumb/v7-m/nofp/crtbegin.o
                0x000000002000043c                . = ALIGN (0x4)

.bss            0x000000002000043c      0x134 load address 0x0000000008005cf4
                0x000000002000043c                _sbss = .
                0x000000002000043c                __bss_start__ = _sbss
 *(.bss)
 .bss           0x000000002000043c       0x1c /home/pack/gcc-arm-none-eabi-10.3-2021.10/bin/../lib/gcc/arm-none-eabi/10.3.1/thumb/v7-m/nofp/crtbegin.o
 *(.bss*)
 .bss.uwTick    0x0000000020000458        0x4 obj/stm32f1xx_hal.o
                0x0000000020000458                uwTick
 .bss.htim7     0x000000002000045c       0x48 obj/stm32f1xx_hal_timebase_tim.o
                0x000000002000045c                htim7
 .bss.huart1    0x00000000200004a4       0x48 obj/bsp_uart.o
                0x00000000200004a4                huart1
 .bss.rt_log_buf.0
                0x00000000200004ec       0x80 obj/kservice.o
 .bss.__lock___atexit_recursive_mutex
                0x000000002000056c        0x1 /home/pack/gcc-arm-none-eabi-10.3-2021.10/bin/../lib/gcc/arm-none-eabi/10.3.1/../../../../arm-none-eabi/lib/thumb/v7-m/nofp/libc.a(lib_a-lock.o)
                0x000000002000056c                __lock___atexit_recursive_mutex
 *(COMMON)
                0x0000000020000570                . = ALIGN (0x4)
 *fill*         0x000000002000056d        0x3 
                0x0000000020000570                _ebss = .
                0x0000000020000570                __bss_end__ = _ebss

._user_heap_stack
                0x0000000020000570      0x600 load address 0x0000000008005cf4
                0x0000000020000570                . = ALIGN (0x8)
                [!provide]                        PROVIDE (end = .)
                [!provide]                        PROVIDE (_end = .)
                0x0000000020000770                . = (. + _Min_Heap_Size)
 *fill*         0x0000000020000570      0x200 
                0x0000000020000b70                . = (. + _Min_Stack_Size)
 *fill*         0x0000000020000770      0x400 
                0x0000000020000b70                . = ALIGN (0x8)

/DISCARD/
 libc.a(*)
 libm.a(*)
 libgcc.a(*)

.ARM.attributes
                0x0000000000000000       0x29
 *(.ARM.attributes)
 .ARM.attributes
                0x0000000000000000       0x1d /home/pack/gcc-arm-none-eabi-10.3-2021.10/bin/../lib/gcc/arm-none-eabi/10.3.1/thumb/v7-m/nofp/crti.o
 .ARM.attributes
                0x000000000000001d       0x2d /home/pack/gcc-arm-none-eabi-10.3-2021.10/bin/../lib/gcc/arm-none-eabi/10.3.1/thumb/v7-m/nofp/crtbegin.o
 .ARM.attributes
                0x000000000000004a       0x21 obj/startup_stm32f100xb.o
 .ARM.attributes
                0x000000000000006b       0x2d obj/system_stm32f1xx.o
 .ARM.attributes
                0x0000000000000098       0x2d obj/stm32f1xx_hal.o
 .ARM.attributes
                0x00000000000000c5       0x2d obj/stm32f1xx_hal_cortex.o
 .ARM.attributes
                0x00000000000000f2       0x2d obj/stm32f1xx_hal_dma.o
 .ARM.attributes
                0x000000000000011f       0x2d obj/stm32f1xx_hal_gpio.o
 .ARM.attributes
                0x000000000000014c       0x2d obj/stm32f1xx_hal_rcc.o
 .ARM.attributes
                0x0000000000000179       0x2d obj/stm32f1xx_hal_tim.o
 .ARM.attributes
                0x00000000000001a6       0x2d obj/stm32f1xx_hal_tim_ex.o
 .ARM.attributes
                0x00000000000001d3       0x2d obj/stm32f1xx_hal_uart.o
 .ARM.attributes
                0x0000000000000200       0x2d obj/main.o
 .ARM.attributes
                0x000000000000022d       0x2d obj/stm32f1xx_hal_msp.o
 .ARM.attributes
                0x000000000000025a       0x2d obj/stm32f1xx_hal_timebase_tim.o
 .ARM.attributes
                0x0000000000000287       0x2d obj/stm32f1xx_it.o
 .ARM.attributes
                0x00000000000002b4       0x2d obj/bsp_led.o
 .ARM.attributes
                0x00000000000002e1       0x2d obj/bsp_uart.o
 .ARM.attributes
                0x000000000000030e       0x2d obj/kservice.o
 .ARM.attributes
                0x000000000000033b       0x2d obj/rt_vsnprintf.o
 .ARM.attributes
                0x0000000000000368       0x1d /home/pack/gcc-arm-none-eabi-10.3-2021.10/bin/../lib/gcc/arm-none-eabi/10.3.1/thumb/v7-m/nofp/libgcc.a(_arm_addsubdf3.o)
 .ARM.attributes
                0x0000000000000385       0x1d /home/pack/gcc-arm-none-eabi-10.3-2021.10/bin/../lib/gcc/arm-none-eabi/10.3.1/thumb/v7-m/nofp/libgcc.a(_arm_muldivdf3.o)
 .ARM.attributes
                0x00000000000003a2       0x1d /home/pack/gcc-arm-none-eabi-10.3-2021.10/bin/../lib/gcc/arm-none-eabi/10.3.1/thumb/v7-m/nofp/libgcc.a(_arm_cmpdf2.o)
 .ARM.attributes
                0x00000000000003bf       0x1d /home/pack/gcc-arm-none-eabi-10.3-2021.10/bin/../lib/gcc/arm-none-eabi/10.3.1/thumb/v7-m/nofp/libgcc.a(_arm_fixdfsi.o)
 .ARM.attributes
                0x00000000000003dc       0x1d /home/pack/gcc-arm-none-eabi-10.3-2021.10/bin/../lib/gcc/arm-none-eabi/10.3.1/thumb/v7-m/nofp/libgcc.a(_aeabi_ldivmod.o)
 .ARM.attributes
                0x00000000000003f9       0x1d /home/pack/gcc-arm-none-eabi-10.3-2021.10/bin/../lib/gcc/arm-none-eabi/10.3.1/thumb/v7-m/nofp/libgcc.a(_aeabi_uldivmod.o)
 .ARM.attributes
                0x0000000000000416       0x2d /home/pack/gcc-arm-none-eabi-10.3-2021.10/bin/../lib/gcc/arm-none-eabi/10.3.1/thumb/v7-m/nofp/libgcc.a(_fixdfdi.o)
 .ARM.attributes
                0x0000000000000443       0x2d /home/pack/gcc-arm-none-eabi-10.3-2021.10/bin/../lib/gcc/arm-none-eabi/10.3.1/thumb/v7-m/nofp/libgcc.a(_fixunsdfdi.o)
 .ARM.attributes
                0x0000000000000470       0x2d /home/pack/gcc-arm-none-eabi-10.3-2021.10/bin/../lib/gcc/arm-none-eabi/10.3.1/thumb/v7-m/nofp/libgcc.a(_udivmoddi4.o)
 .ARM.attributes
                0x000000000000049d       0x1d /home/pack/gcc-arm-none-eabi-10.3-2021.10/bin/../lib/gcc/arm-none-eabi/10.3.1/thumb/v7-m/nofp/libgcc.a(_dvmd_tls.o)
 .ARM.attributes
                0x00000000000004ba       0x1d /home/pack/gcc-arm-none-eabi-10.3-2021.10/bin/../lib/gcc/arm-none-eabi/10.3.1/thumb/v7-m/nofp/libgcc.a(_arm_fixunsdfsi.o)
 .ARM.attributes
                0x00000000000004d7       0x2d /home/pack/gcc-arm-none-eabi-10.3-2021.10/bin/../lib/gcc/arm-none-eabi/10.3.1/../../../../arm-none-eabi/lib/thumb/v7-m/nofp/libc.a(lib_a-impure.o)
 .ARM.attributes
                0x0000000000000504       0x2d /home/pack/gcc-arm-none-eabi-10.3-2021.10/bin/../lib/gcc/arm-none-eabi/10.3.1/../../../../arm-none-eabi/lib/thumb/v7-m/nofp/libc.a(lib_a-init.o)
 .ARM.attributes
                0x0000000000000531       0x2d /home/pack/gcc-arm-none-eabi-10.3-2021.10/bin/../lib/gcc/arm-none-eabi/10.3.1/../../../../arm-none-eabi/lib/thumb/v7-m/nofp/libc.a(lib_a-memset.o)
 .ARM.attributes
                0x000000000000055e       0x2d /home/pack/gcc-arm-none-eabi-10.3-2021.10/bin/../lib/gcc/arm-none-eabi/10.3.1/../../../../arm-none-eabi/lib/thumb/v7-m/nofp/libc.a(lib_a-__call_atexit.o)
 .ARM.attributes
                0x000000000000058b       0x2d /home/pack/gcc-arm-none-eabi-10.3-2021.10/bin/../lib/gcc/arm-none-eabi/10.3.1/../../../../arm-none-eabi/lib/thumb/v7-m/nofp/libc.a(lib_a-atexit.o)
 .ARM.attributes
                0x00000000000005b8       0x2d /home/pack/gcc-arm-none-eabi-10.3-2021.10/bin/../lib/gcc/arm-none-eabi/10.3.1/../../../../arm-none-eabi/lib/thumb/v7-m/nofp/libc.a(lib_a-fini.o)
 .ARM.attributes
                0x00000000000005e5       0x2d /home/pack/gcc-arm-none-eabi-10.3-2021.10/bin/../lib/gcc/arm-none-eabi/10.3.1/../../../../arm-none-eabi/lib/thumb/v7-m/nofp/libc.a(lib_a-lock.o)
 .ARM.attributes
                0x0000000000000612       0x2d /home/pack/gcc-arm-none-eabi-10.3-2021.10/bin/../lib/gcc/arm-none-eabi/10.3.1/../../../../arm-none-eabi/lib/thumb/v7-m/nofp/libc.a(lib_a-__atexit.o)
 .ARM.attributes
                0x000000000000063f       0x1d /home/pack/gcc-arm-none-eabi-10.3-2021.10/bin/../lib/gcc/arm-none-eabi/10.3.1/thumb/v7-m/nofp/crtn.o
OUTPUT(firmware.elf elf32-littlearm)
LOAD linker stubs
LOAD /home/pack/gcc-arm-none-eabi-10.3-2021.10/bin/../lib/gcc/arm-none-eabi/10.3.1/../../../../arm-none-eabi/lib/thumb/v7-m/nofp/libc.a
LOAD /home/pack/gcc-arm-none-eabi-10.3-2021.10/bin/../lib/gcc/arm-none-eabi/10.3.1/../../../../arm-none-eabi/lib/thumb/v7-m/nofp/libm.a
LOAD /home/pack/gcc-arm-none-eabi-10.3-2021.10/bin/../lib/gcc/arm-none-eabi/10.3.1/thumb/v7-m/nofp/libgcc.a

.comment        0x0000000000000000       0x49
 .comment       0x0000000000000000       0x49 obj/system_stm32f1xx.o
                                         0x4a (size before relaxing)
 .comment       0x0000000000000049       0x4a obj/stm32f1xx_hal.o
 .comment       0x0000000000000049       0x4a obj/stm32f1xx_hal_cortex.o
 .comment       0x0000000000000049       0x4a obj/stm32f1xx_hal_dma.o
 .comment       0x0000000000000049       0x4a obj/stm32f1xx_hal_gpio.o
 .comment       0x0000000000000049       0x4a obj/stm32f1xx_hal_rcc.o
 .comment       0x0000000000000049       0x4a obj/stm32f1xx_hal_tim.o
 .comment       0x0000000000000049       0x4a obj/stm32f1xx_hal_tim_ex.o
 .comment       0x0000000000000049       0x4a obj/stm32f1xx_hal_uart.o
 .comment       0x0000000000000049       0x4a obj/main.o
 .comment       0x0000000000000049       0x4a obj/stm32f1xx_hal_msp.o
 .comment       0x0000000000000049       0x4a obj/stm32f1xx_hal_timebase_tim.o
 .comment       0x0000000000000049       0x4a obj/stm32f1xx_it.o
 .comment       0x0000000000000049       0x4a obj/bsp_led.o
 .comment       0x0000000000000049       0x4a obj/bsp_uart.o
 .comment       0x0000000000000049       0x4a obj/kservice.o
 .comment       0x0000000000000049       0x4a obj/rt_vsnprintf.o

.debug_frame    0x0000000000000000      0x4fc
 .debug_frame   0x0000000000000000       0xac /home/pack/gcc-arm-none-eabi-10.3-2021.10/bin/../lib/gcc/arm-none-eabi/10.3.1/thumb/v7-m/nofp/libgcc.a(_arm_addsubdf3.o)
 .debug_frame   0x00000000000000ac       0x50 /home/pack/gcc-arm-none-eabi-10.3-2021.10/bin/../lib/gcc/arm-none-eabi/10.3.1/thumb/v7-m/nofp/libgcc.a(_arm_muldivdf3.o)
 .debug_frame   0x00000000000000fc       0xc4 /home/pack/gcc-arm-none-eabi-10.3-2021.10/bin/../lib/gcc/arm-none-eabi/10.3.1/thumb/v7-m/nofp/libgcc.a(_arm_cmpdf2.o)
 .debug_frame   0x00000000000001c0       0x24 /home/pack/gcc-arm-none-eabi-10.3-2021.10/bin/../lib/gcc/arm-none-eabi/10.3.1/thumb/v7-m/nofp/libgcc.a(_arm_fixdfsi.o)
 .debug_frame   0x00000000000001e4       0x44 /home/pack/gcc-arm-none-eabi-10.3-2021.10/bin/../lib/gcc/arm-none-eabi/10.3.1/thumb/v7-m/nofp/libgcc.a(_aeabi_ldivmod.o)
 .debug_frame   0x0000000000000228       0x2c /home/pack/gcc-arm-none-eabi-10.3-2021.10/bin/../lib/gcc/arm-none-eabi/10.3.1/thumb/v7-m/nofp/libgcc.a(_aeabi_uldivmod.o)
 .debug_frame   0x0000000000000254       0x38 /home/pack/gcc-arm-none-eabi-10.3-2021.10/bin/../lib/gcc/arm-none-eabi/10.3.1/thumb/v7-m/nofp/libgcc.a(_fixdfdi.o)
 .debug_frame   0x000000000000028c       0x2c /home/pack/gcc-arm-none-eabi-10.3-2021.10/bin/../lib/gcc/arm-none-eabi/10.3.1/thumb/v7-m/nofp/libgcc.a(_fixunsdfdi.o)
 .debug_frame   0x00000000000002b8       0x34 /home/pack/gcc-arm-none-eabi-10.3-2021.10/bin/../lib/gcc/arm-none-eabi/10.3.1/thumb/v7-m/nofp/libgcc.a(_udivmoddi4.o)
 .debug_frame   0x00000000000002ec       0x24 /home/pack/gcc-arm-none-eabi-10.3-2021.10/bin/../lib/gcc/arm-none-eabi/10.3.1/thumb/v7-m/nofp/libgcc.a(_arm_fixunsdfsi.o)
 .debug_frame   0x0000000000000310       0x2c /home/pack/gcc-arm-none-eabi-10.3-2021.10/bin/../lib/gcc/arm-none-eabi/10.3.1/../../../../arm-none-eabi/lib/thumb/v7-m/nofp/libc.a(lib_a-init.o)
 .debug_frame   0x000000000000033c       0x2c /home/pack/gcc-arm-none-eabi-10.3-2021.10/bin/../lib/gcc/arm-none-eabi/10.3.1/../../../../arm-none-eabi/lib/thumb/v7-m/nofp/libc.a(lib_a-memset.o)
 .debug_frame   0x0000000000000368       0x5c /home/pack/gcc-arm-none-eabi-10.3-2021.10/bin/../lib/gcc/arm-none-eabi/10.3.1/../../../../arm-none-eabi/lib/thumb/v7-m/nofp/libc.a(lib_a-__call_atexit.o)
 .debug_frame   0x00000000000003c4       0x20 /home/pack/gcc-arm-none-eabi-10.3-2021.10/bin/../lib/gcc/arm-none-eabi/10.3.1/../../../../arm-none-eabi/lib/thumb/v7-m/nofp/libc.a(lib_a-atexit.o)
 .debug_frame   0x00000000000003e4       0x34 /home/pack/gcc-arm-none-eabi-10.3-2021.10/bin/../lib/gcc/arm-none-eabi/10.3.1/../../../../arm-none-eabi/lib/thumb/v7-m/nofp/libc.a(lib_a-fini.o)
 .debug_frame   0x0000000000000418       0xb0 /home/pack/gcc-arm-none-eabi-10.3-2021.10/bin/../lib/gcc/arm-none-eabi/10.3.1/../../../../arm-none-eabi/lib/thumb/v7-m/nofp/libc.a(lib_a-lock.o)
 .debug_frame   0x00000000000004c8       0x34 /home/pack/gcc-arm-none-eabi-10.3-2021.10/bin/../lib/gcc/arm-none-eabi/10.3.1/../../../../arm-none-eabi/lib/thumb/v7-m/nofp/libc.a(lib_a-__atexit.o)
